Archive member included because of file (symbol)

c:/program files (x86)/atmel/avr tools/avr toolchain/bin/../lib/gcc/avr/4.6.2/avr5\libgcc.a(_exit.o)
                              c:/program files (x86)/atmel/avr tools/avr toolchain/bin/../lib/gcc/avr/4.6.2/../../../../avr/lib/avr5/crtm32u4.o (exit)
c:/program files (x86)/atmel/avr tools/avr toolchain/bin/../lib/gcc/avr/4.6.2/avr5\libgcc.a(_copy_data.o)
                              Caterina.o (__do_copy_data)
c:/program files (x86)/atmel/avr tools/avr toolchain/bin/../lib/gcc/avr/4.6.2/avr5\libgcc.a(_clear_bss.o)
                              Caterina.o (__do_clear_bss)
c:/program files (x86)/atmel/avr tools/avr toolchain/bin/../lib/gcc/avr/4.6.2/../../../../avr/lib/avr5\libc.a(eerd_byte_atmega32u4.o)
                              Caterina.o (__eerd_byte_m32u4)
c:/program files (x86)/atmel/avr tools/avr toolchain/bin/../lib/gcc/avr/4.6.2/../../../../avr/lib/avr5\libc.a(eeupd_byte_atmega32u4.o)
                              ../../../../../../../../../../OneDrive/LittleBird/Reference/LUFA/LUFA-111009/LUFA/Drivers/USB/Core/AVR8/EndpointStream_AVR8.o (__eeupd_byte_m32u4)
c:/program files (x86)/atmel/avr tools/avr toolchain/bin/../lib/gcc/avr/4.6.2/../../../../avr/lib/avr5\libc.a(eewr_byte_atmega32u4.o)
                              Caterina.o (__eewr_byte_m32u4)

Allocating common symbols
Common symbol       size              file

LLEDPulse           0x2               Caterina.o
USB_IsInitialized   0x1               ../../../../../../../../../../OneDrive/LittleBird/Reference/LUFA/LUFA-111009/LUFA/Drivers/USB/Core/USBTask.o
USB_Device_ConfigurationNumber
                    0x1               ../../../../../../../../../../OneDrive/LittleBird/Reference/LUFA/LUFA-111009/LUFA/Drivers/USB/Core/DeviceStandardReq.o
USB_ControlRequest  0x8               ../../../../../../../../../../OneDrive/LittleBird/Reference/LUFA/LUFA-111009/LUFA/Drivers/USB/Core/USBTask.o

Discarded input sections

 .bss           0x00000000        0x0 c:/program files (x86)/atmel/avr tools/avr toolchain/bin/../lib/gcc/avr/4.6.2/../../../../avr/lib/avr5/crtm32u4.o
 .text          0x00000000        0x0 Caterina.o
 .text          0x00000000        0x0 Descriptors.o
 .bss           0x00000000        0x0 Descriptors.o
 .text          0x00000000        0x0 ../../../../../../../../../../OneDrive/LittleBird/Reference/LUFA/LUFA-111009/LUFA/Drivers/USB/Core/AVR8/Device_AVR8.o
 .bss           0x00000000        0x0 ../../../../../../../../../../OneDrive/LittleBird/Reference/LUFA/LUFA-111009/LUFA/Drivers/USB/Core/AVR8/Device_AVR8.o
 .text.USB_Device_SendRemoteWakeup
                0x00000000       0x2c ../../../../../../../../../../OneDrive/LittleBird/Reference/LUFA/LUFA-111009/LUFA/Drivers/USB/Core/AVR8/Device_AVR8.o
 .text          0x00000000        0x0 ../../../../../../../../../../OneDrive/LittleBird/Reference/LUFA/LUFA-111009/LUFA/Drivers/USB/Core/AVR8/Endpoint_AVR8.o
 .bss           0x00000000        0x0 ../../../../../../../../../../OneDrive/LittleBird/Reference/LUFA/LUFA-111009/LUFA/Drivers/USB/Core/AVR8/Endpoint_AVR8.o
 .text.Endpoint_ClearEndpoints
                0x00000000       0x28 ../../../../../../../../../../OneDrive/LittleBird/Reference/LUFA/LUFA-111009/LUFA/Drivers/USB/Core/AVR8/Endpoint_AVR8.o
 .text.Endpoint_WaitUntilReady
                0x00000000       0x64 ../../../../../../../../../../OneDrive/LittleBird/Reference/LUFA/LUFA-111009/LUFA/Drivers/USB/Core/AVR8/Endpoint_AVR8.o
 .text          0x00000000        0x0 ../../../../../../../../../../OneDrive/LittleBird/Reference/LUFA/LUFA-111009/LUFA/Drivers/USB/Core/AVR8/Host_AVR8.o
 .bss           0x00000000        0x0 ../../../../../../../../../../OneDrive/LittleBird/Reference/LUFA/LUFA-111009/LUFA/Drivers/USB/Core/AVR8/Host_AVR8.o
 .text          0x00000000        0x0 ../../../../../../../../../../OneDrive/LittleBird/Reference/LUFA/LUFA-111009/LUFA/Drivers/USB/Core/AVR8/Pipe_AVR8.o
 .bss           0x00000000        0x0 ../../../../../../../../../../OneDrive/LittleBird/Reference/LUFA/LUFA-111009/LUFA/Drivers/USB/Core/AVR8/Pipe_AVR8.o
 .text          0x00000000        0x0 ../../../../../../../../../../OneDrive/LittleBird/Reference/LUFA/LUFA-111009/LUFA/Drivers/USB/Core/AVR8/USBController_AVR8.o
 .bss           0x00000000        0x0 ../../../../../../../../../../OneDrive/LittleBird/Reference/LUFA/LUFA-111009/LUFA/Drivers/USB/Core/AVR8/USBController_AVR8.o
 .text.USB_Disable
                0x00000000       0x34 ../../../../../../../../../../OneDrive/LittleBird/Reference/LUFA/LUFA-111009/LUFA/Drivers/USB/Core/AVR8/USBController_AVR8.o
 .text          0x00000000        0x0 ../../../../../../../../../../OneDrive/LittleBird/Reference/LUFA/LUFA-111009/LUFA/Drivers/USB/Core/AVR8/USBInterrupt_AVR8.o
 .bss           0x00000000        0x0 ../../../../../../../../../../OneDrive/LittleBird/Reference/LUFA/LUFA-111009/LUFA/Drivers/USB/Core/AVR8/USBInterrupt_AVR8.o
 .text          0x00000000        0x0 ../../../../../../../../../../OneDrive/LittleBird/Reference/LUFA/LUFA-111009/LUFA/Drivers/USB/Core/AVR8/EndpointStream_AVR8.o
 .bss           0x00000000        0x0 ../../../../../../../../../../OneDrive/LittleBird/Reference/LUFA/LUFA-111009/LUFA/Drivers/USB/Core/AVR8/EndpointStream_AVR8.o
 .text.Endpoint_Discard_Stream
                0x00000000       0x8e ../../../../../../../../../../OneDrive/LittleBird/Reference/LUFA/LUFA-111009/LUFA/Drivers/USB/Core/AVR8/EndpointStream_AVR8.o
 .text.Endpoint_Null_Stream
                0x00000000       0x8e ../../../../../../../../../../OneDrive/LittleBird/Reference/LUFA/LUFA-111009/LUFA/Drivers/USB/Core/AVR8/EndpointStream_AVR8.o
 .text.Endpoint_Write_Stream_LE
                0x00000000       0xa6 ../../../../../../../../../../OneDrive/LittleBird/Reference/LUFA/LUFA-111009/LUFA/Drivers/USB/Core/AVR8/EndpointStream_AVR8.o
 .text.Endpoint_Write_Stream_BE
                0x00000000       0xb4 ../../../../../../../../../../OneDrive/LittleBird/Reference/LUFA/LUFA-111009/LUFA/Drivers/USB/Core/AVR8/EndpointStream_AVR8.o
 .text.Endpoint_Read_Stream_LE
                0x00000000       0xa6 ../../../../../../../../../../OneDrive/LittleBird/Reference/LUFA/LUFA-111009/LUFA/Drivers/USB/Core/AVR8/EndpointStream_AVR8.o
 .text.Endpoint_Read_Stream_BE
                0x00000000       0xb4 ../../../../../../../../../../OneDrive/LittleBird/Reference/LUFA/LUFA-111009/LUFA/Drivers/USB/Core/AVR8/EndpointStream_AVR8.o
 .text.Endpoint_Write_PStream_LE
                0x00000000       0xaa ../../../../../../../../../../OneDrive/LittleBird/Reference/LUFA/LUFA-111009/LUFA/Drivers/USB/Core/AVR8/EndpointStream_AVR8.o
 .text.Endpoint_Write_PStream_BE
                0x00000000       0xb6 ../../../../../../../../../../OneDrive/LittleBird/Reference/LUFA/LUFA-111009/LUFA/Drivers/USB/Core/AVR8/EndpointStream_AVR8.o
 .text.Endpoint_Write_EStream_LE
                0x00000000       0xac ../../../../../../../../../../OneDrive/LittleBird/Reference/LUFA/LUFA-111009/LUFA/Drivers/USB/Core/AVR8/EndpointStream_AVR8.o
 .text.Endpoint_Write_EStream_BE
                0x00000000       0xb8 ../../../../../../../../../../OneDrive/LittleBird/Reference/LUFA/LUFA-111009/LUFA/Drivers/USB/Core/AVR8/EndpointStream_AVR8.o
 .text.Endpoint_Read_EStream_LE
                0x00000000       0xac ../../../../../../../../../../OneDrive/LittleBird/Reference/LUFA/LUFA-111009/LUFA/Drivers/USB/Core/AVR8/EndpointStream_AVR8.o
 .text.Endpoint_Read_EStream_BE
                0x00000000       0xb8 ../../../../../../../../../../OneDrive/LittleBird/Reference/LUFA/LUFA-111009/LUFA/Drivers/USB/Core/AVR8/EndpointStream_AVR8.o
 .text.Endpoint_Write_Control_Stream_BE
                0x00000000       0xc6 ../../../../../../../../../../OneDrive/LittleBird/Reference/LUFA/LUFA-111009/LUFA/Drivers/USB/Core/AVR8/EndpointStream_AVR8.o
 .text.Endpoint_Read_Control_Stream_BE
                0x00000000       0x88 ../../../../../../../../../../OneDrive/LittleBird/Reference/LUFA/LUFA-111009/LUFA/Drivers/USB/Core/AVR8/EndpointStream_AVR8.o
 .text.Endpoint_Write_Control_PStream_LE
                0x00000000       0xc2 ../../../../../../../../../../OneDrive/LittleBird/Reference/LUFA/LUFA-111009/LUFA/Drivers/USB/Core/AVR8/EndpointStream_AVR8.o
 .text.Endpoint_Write_Control_PStream_BE
                0x00000000       0xc8 ../../../../../../../../../../OneDrive/LittleBird/Reference/LUFA/LUFA-111009/LUFA/Drivers/USB/Core/AVR8/EndpointStream_AVR8.o
 .text.Endpoint_Write_Control_EStream_LE
                0x00000000       0xe8 ../../../../../../../../../../OneDrive/LittleBird/Reference/LUFA/LUFA-111009/LUFA/Drivers/USB/Core/AVR8/EndpointStream_AVR8.o
 .text.Endpoint_Write_Control_EStream_BE
                0x00000000       0xf2 ../../../../../../../../../../OneDrive/LittleBird/Reference/LUFA/LUFA-111009/LUFA/Drivers/USB/Core/AVR8/EndpointStream_AVR8.o
 .text.Endpoint_Read_Control_EStream_LE
                0x00000000       0xa2 ../../../../../../../../../../OneDrive/LittleBird/Reference/LUFA/LUFA-111009/LUFA/Drivers/USB/Core/AVR8/EndpointStream_AVR8.o
 .text.Endpoint_Read_Control_EStream_BE
                0x00000000       0xa0 ../../../../../../../../../../OneDrive/LittleBird/Reference/LUFA/LUFA-111009/LUFA/Drivers/USB/Core/AVR8/EndpointStream_AVR8.o
 .text          0x00000000        0x0 ../../../../../../../../../../OneDrive/LittleBird/Reference/LUFA/LUFA-111009/LUFA/Drivers/USB/Core/AVR8/PipeStream_AVR8.o
 .bss           0x00000000        0x0 ../../../../../../../../../../OneDrive/LittleBird/Reference/LUFA/LUFA-111009/LUFA/Drivers/USB/Core/AVR8/PipeStream_AVR8.o
 .text          0x00000000        0x0 ../../../../../../../../../../OneDrive/LittleBird/Reference/LUFA/LUFA-111009/LUFA/Drivers/USB/Core/ConfigDescriptor.o
 .bss           0x00000000        0x0 ../../../../../../../../../../OneDrive/LittleBird/Reference/LUFA/LUFA-111009/LUFA/Drivers/USB/Core/ConfigDescriptor.o
 .text.USB_GetNextDescriptorOfType
                0x00000000       0x4e ../../../../../../../../../../OneDrive/LittleBird/Reference/LUFA/LUFA-111009/LUFA/Drivers/USB/Core/ConfigDescriptor.o
 .text.USB_GetNextDescriptorOfTypeBefore
                0x00000000       0x56 ../../../../../../../../../../OneDrive/LittleBird/Reference/LUFA/LUFA-111009/LUFA/Drivers/USB/Core/ConfigDescriptor.o
 .text.USB_GetNextDescriptorOfTypeAfter
                0x00000000       0x34 ../../../../../../../../../../OneDrive/LittleBird/Reference/LUFA/LUFA-111009/LUFA/Drivers/USB/Core/ConfigDescriptor.o
 .text.USB_GetNextDescriptorComp
                0x00000000       0x8e ../../../../../../../../../../OneDrive/LittleBird/Reference/LUFA/LUFA-111009/LUFA/Drivers/USB/Core/ConfigDescriptor.o
 .text          0x00000000        0x0 ../../../../../../../../../../OneDrive/LittleBird/Reference/LUFA/LUFA-111009/LUFA/Drivers/USB/Core/DeviceStandardReq.o
 .bss           0x00000000        0x0 ../../../../../../../../../../OneDrive/LittleBird/Reference/LUFA/LUFA-111009/LUFA/Drivers/USB/Core/DeviceStandardReq.o
 .text          0x00000000        0x0 ../../../../../../../../../../OneDrive/LittleBird/Reference/LUFA/LUFA-111009/LUFA/Drivers/USB/Core/Events.o
 .bss           0x00000000        0x0 ../../../../../../../../../../OneDrive/LittleBird/Reference/LUFA/LUFA-111009/LUFA/Drivers/USB/Core/Events.o
 .text          0x00000000        0x0 ../../../../../../../../../../OneDrive/LittleBird/Reference/LUFA/LUFA-111009/LUFA/Drivers/USB/Core/HostStandardReq.o
 .bss           0x00000000        0x0 ../../../../../../../../../../OneDrive/LittleBird/Reference/LUFA/LUFA-111009/LUFA/Drivers/USB/Core/HostStandardReq.o
 .text          0x00000000        0x0 ../../../../../../../../../../OneDrive/LittleBird/Reference/LUFA/LUFA-111009/LUFA/Drivers/USB/Core/USBTask.o
 .bss           0x00000000        0x0 ../../../../../../../../../../OneDrive/LittleBird/Reference/LUFA/LUFA-111009/LUFA/Drivers/USB/Core/USBTask.o
 .text          0x00000000        0x0 ../../../../../../../../../../OneDrive/LittleBird/Reference/LUFA/LUFA-111009/LUFA/Drivers/USB/Class/Common/HIDParser.o
 .bss           0x00000000        0x0 ../../../../../../../../../../OneDrive/LittleBird/Reference/LUFA/LUFA-111009/LUFA/Drivers/USB/Class/Common/HIDParser.o
 .text.USB_ProcessHIDReport
                0x00000000      0x71e ../../../../../../../../../../OneDrive/LittleBird/Reference/LUFA/LUFA-111009/LUFA/Drivers/USB/Class/Common/HIDParser.o
 .text.USB_GetHIDReportItemInfo
                0x00000000       0xc2 ../../../../../../../../../../OneDrive/LittleBird/Reference/LUFA/LUFA-111009/LUFA/Drivers/USB/Class/Common/HIDParser.o
 .text.USB_SetHIDReportItemInfo
                0x00000000       0xd8 ../../../../../../../../../../OneDrive/LittleBird/Reference/LUFA/LUFA-111009/LUFA/Drivers/USB/Class/Common/HIDParser.o
 .text.USB_GetHIDReportSize
                0x00000000       0x60 ../../../../../../../../../../OneDrive/LittleBird/Reference/LUFA/LUFA-111009/LUFA/Drivers/USB/Class/Common/HIDParser.o
 .text          0x00000000        0x0 c:/program files (x86)/atmel/avr tools/avr toolchain/bin/../lib/gcc/avr/4.6.2/avr5\libgcc.a(_exit.o)
 .bss           0x00000000        0x0 c:/program files (x86)/atmel/avr tools/avr toolchain/bin/../lib/gcc/avr/4.6.2/avr5\libgcc.a(_exit.o)
 .text.libgcc   0x00000000        0x0 c:/program files (x86)/atmel/avr tools/avr toolchain/bin/../lib/gcc/avr/4.6.2/avr5\libgcc.a(_exit.o)
 .text          0x00000000        0x0 c:/program files (x86)/atmel/avr tools/avr toolchain/bin/../lib/gcc/avr/4.6.2/avr5\libgcc.a(_copy_data.o)
 .bss           0x00000000        0x0 c:/program files (x86)/atmel/avr tools/avr toolchain/bin/../lib/gcc/avr/4.6.2/avr5\libgcc.a(_copy_data.o)
 .text.libgcc   0x00000000        0x0 c:/program files (x86)/atmel/avr tools/avr toolchain/bin/../lib/gcc/avr/4.6.2/avr5\libgcc.a(_copy_data.o)
 .text          0x00000000        0x0 c:/program files (x86)/atmel/avr tools/avr toolchain/bin/../lib/gcc/avr/4.6.2/avr5\libgcc.a(_clear_bss.o)
 .bss           0x00000000        0x0 c:/program files (x86)/atmel/avr tools/avr toolchain/bin/../lib/gcc/avr/4.6.2/avr5\libgcc.a(_clear_bss.o)
 .text.libgcc   0x00000000        0x0 c:/program files (x86)/atmel/avr tools/avr toolchain/bin/../lib/gcc/avr/4.6.2/avr5\libgcc.a(_clear_bss.o)
 .text          0x00000000        0x0 c:/program files (x86)/atmel/avr tools/avr toolchain/bin/../lib/gcc/avr/4.6.2/../../../../avr/lib/avr5\libc.a(eerd_byte_atmega32u4.o)
 .bss           0x00000000        0x0 c:/program files (x86)/atmel/avr tools/avr toolchain/bin/../lib/gcc/avr/4.6.2/../../../../avr/lib/avr5\libc.a(eerd_byte_atmega32u4.o)
 .text          0x00000000        0x0 c:/program files (x86)/atmel/avr tools/avr toolchain/bin/../lib/gcc/avr/4.6.2/../../../../avr/lib/avr5\libc.a(eeupd_byte_atmega32u4.o)
 .bss           0x00000000        0x0 c:/program files (x86)/atmel/avr tools/avr toolchain/bin/../lib/gcc/avr/4.6.2/../../../../avr/lib/avr5\libc.a(eeupd_byte_atmega32u4.o)
 .text.avr-libc
                0x00000000       0x24 c:/program files (x86)/atmel/avr tools/avr toolchain/bin/../lib/gcc/avr/4.6.2/../../../../avr/lib/avr5\libc.a(eeupd_byte_atmega32u4.o)
 .text          0x00000000        0x0 c:/program files (x86)/atmel/avr tools/avr toolchain/bin/../lib/gcc/avr/4.6.2/../../../../avr/lib/avr5\libc.a(eewr_byte_atmega32u4.o)
 .bss           0x00000000        0x0 c:/program files (x86)/atmel/avr tools/avr toolchain/bin/../lib/gcc/avr/4.6.2/../../../../avr/lib/avr5\libc.a(eewr_byte_atmega32u4.o)

Memory Configuration

Name             Origin             Length             Attributes
text             0x00000000         0x00020000         xr
data             0x00800060         0x0000ffa0         rw !x
eeprom           0x00810000         0x00010000         rw !x
fuse             0x00820000         0x00000400         rw !x
lock             0x00830000         0x00000400         rw !x
signature        0x00840000         0x00000400         rw !x
*default*        0x00000000         0xffffffff

Linker script and memory map

Address of section .data set to 0x800100
LOAD c:/program files (x86)/atmel/avr tools/avr toolchain/bin/../lib/gcc/avr/4.6.2/../../../../avr/lib/avr5/crtm32u4.o
LOAD Caterina.o
LOAD Descriptors.o
LOAD ../../../../../../../../../../OneDrive/LittleBird/Reference/LUFA/LUFA-111009/LUFA/Drivers/USB/Core/AVR8/Device_AVR8.o
LOAD ../../../../../../../../../../OneDrive/LittleBird/Reference/LUFA/LUFA-111009/LUFA/Drivers/USB/Core/AVR8/Endpoint_AVR8.o
LOAD ../../../../../../../../../../OneDrive/LittleBird/Reference/LUFA/LUFA-111009/LUFA/Drivers/USB/Core/AVR8/Host_AVR8.o
LOAD ../../../../../../../../../../OneDrive/LittleBird/Reference/LUFA/LUFA-111009/LUFA/Drivers/USB/Core/AVR8/Pipe_AVR8.o
LOAD ../../../../../../../../../../OneDrive/LittleBird/Reference/LUFA/LUFA-111009/LUFA/Drivers/USB/Core/AVR8/USBController_AVR8.o
LOAD ../../../../../../../../../../OneDrive/LittleBird/Reference/LUFA/LUFA-111009/LUFA/Drivers/USB/Core/AVR8/USBInterrupt_AVR8.o
LOAD ../../../../../../../../../../OneDrive/LittleBird/Reference/LUFA/LUFA-111009/LUFA/Drivers/USB/Core/AVR8/EndpointStream_AVR8.o
LOAD ../../../../../../../../../../OneDrive/LittleBird/Reference/LUFA/LUFA-111009/LUFA/Drivers/USB/Core/AVR8/PipeStream_AVR8.o
LOAD ../../../../../../../../../../OneDrive/LittleBird/Reference/LUFA/LUFA-111009/LUFA/Drivers/USB/Core/ConfigDescriptor.o
LOAD ../../../../../../../../../../OneDrive/LittleBird/Reference/LUFA/LUFA-111009/LUFA/Drivers/USB/Core/DeviceStandardReq.o
LOAD ../../../../../../../../../../OneDrive/LittleBird/Reference/LUFA/LUFA-111009/LUFA/Drivers/USB/Core/Events.o
LOAD ../../../../../../../../../../OneDrive/LittleBird/Reference/LUFA/LUFA-111009/LUFA/Drivers/USB/Core/HostStandardReq.o
LOAD ../../../../../../../../../../OneDrive/LittleBird/Reference/LUFA/LUFA-111009/LUFA/Drivers/USB/Core/USBTask.o
LOAD ../../../../../../../../../../OneDrive/LittleBird/Reference/LUFA/LUFA-111009/LUFA/Drivers/USB/Class/Common/HIDParser.o
Address of section .text set to 0x7000
LOAD c:/program files (x86)/atmel/avr tools/avr toolchain/bin/../lib/gcc/avr/4.6.2/../../../../avr/lib/avr5\libm.a
LOAD c:/program files (x86)/atmel/avr tools/avr toolchain/bin/../lib/gcc/avr/4.6.2/avr5\libgcc.a
LOAD c:/program files (x86)/atmel/avr tools/avr toolchain/bin/../lib/gcc/avr/4.6.2/../../../../avr/lib/avr5\libc.a
LOAD c:/program files (x86)/atmel/avr tools/avr toolchain/bin/../lib/gcc/avr/4.6.2/avr5\libgcc.a

.hash
 *(.hash)

.dynsym
 *(.dynsym)

.dynstr
 *(.dynstr)

.gnu.version
 *(.gnu.version)

.gnu.version_d
 *(.gnu.version_d)

.gnu.version_r
 *(.gnu.version_r)

.rel.init
 *(.rel.init)

.rela.init
 *(.rela.init)

.rel.text
 *(.rel.text)
 *(.rel.text.*)
 *(.rel.gnu.linkonce.t*)

.rela.text
 *(.rela.text)
 *(.rela.text.*)
 *(.rela.gnu.linkonce.t*)

.rel.fini
 *(.rel.fini)

.rela.fini
 *(.rela.fini)

.rel.rodata
 *(.rel.rodata)
 *(.rel.rodata.*)
 *(.rel.gnu.linkonce.r*)

.rela.rodata
 *(.rela.rodata)
 *(.rela.rodata.*)
 *(.rela.gnu.linkonce.r*)

.rel.data
 *(.rel.data)
 *(.rel.data.*)
 *(.rel.gnu.linkonce.d*)

.rela.data
 *(.rela.data)
 *(.rela.data.*)
 *(.rela.gnu.linkonce.d*)

.rel.ctors
 *(.rel.ctors)

.rela.ctors
 *(.rela.ctors)

.rel.dtors
 *(.rel.dtors)

.rela.dtors
 *(.rela.dtors)

.rel.got
 *(.rel.got)

.rela.got
 *(.rela.got)

.rel.bss
 *(.rel.bss)

.rela.bss
 *(.rela.bss)

.rel.plt
 *(.rel.plt)

.rela.plt
 *(.rela.plt)

.text           0x00007000      0xf0e
 *(.vectors)
 .vectors       0x00007000       0xac c:/program files (x86)/atmel/avr tools/avr toolchain/bin/../lib/gcc/avr/4.6.2/../../../../avr/lib/avr5/crtm32u4.o
                0x00007000                __vector_default
                0x00007000                __vectors
 *(.vectors)
 *(.progmem.gcc*)
 *(.progmem*)
                0x000070ac                . = ALIGN (0x2)
                0x000070ac                __trampolines_start = .
 *(.trampolines)
 .trampolines   0x000070ac        0x0 linker stubs
 *(.trampolines*)
                0x000070ac                __trampolines_end = .
 *(.jumptables)
 *(.jumptables*)
 *(.lowtext)
 *(.lowtext*)
                0x000070ac                __ctors_start = .
 *(.ctors)
                0x000070ac                __ctors_end = .
                0x000070ac                __dtors_start = .
 *(.dtors)
                0x000070ac                __dtors_end = .
 SORT(*)(.ctors)
 SORT(*)(.dtors)
 *(.init0)
 .init0         0x000070ac        0x0 c:/program files (x86)/atmel/avr tools/avr toolchain/bin/../lib/gcc/avr/4.6.2/../../../../avr/lib/avr5/crtm32u4.o
                0x000070ac                __init
 *(.init0)
 *(.init1)
 *(.init1)
 *(.init2)
 .init2         0x000070ac        0xc c:/program files (x86)/atmel/avr tools/avr toolchain/bin/../lib/gcc/avr/4.6.2/../../../../avr/lib/avr5/crtm32u4.o
 *(.init2)
 *(.init3)
 *(.init3)
 *(.init4)
 .init4         0x000070b8       0x16 c:/program files (x86)/atmel/avr tools/avr toolchain/bin/../lib/gcc/avr/4.6.2/avr5\libgcc.a(_copy_data.o)
                0x000070b8                __do_copy_data
 .init4         0x000070ce       0x10 c:/program files (x86)/atmel/avr tools/avr toolchain/bin/../lib/gcc/avr/4.6.2/avr5\libgcc.a(_clear_bss.o)
                0x000070ce                __do_clear_bss
 *(.init4)
 *(.init5)
 *(.init5)
 *(.init6)
 *(.init6)
 *(.init7)
 *(.init7)
 *(.init8)
 *(.init8)
 *(.init9)
 .init9         0x000070de        0x4 c:/program files (x86)/atmel/avr tools/avr toolchain/bin/../lib/gcc/avr/4.6.2/../../../../avr/lib/avr5/crtm32u4.o
 *(.init9)
 *(.text)
 .text          0x000070e2        0x2 c:/program files (x86)/atmel/avr tools/avr toolchain/bin/../lib/gcc/avr/4.6.2/../../../../avr/lib/avr5/crtm32u4.o
                0x000070e2                __vector_38
                0x000070e2                __vector_22
                0x000070e2                __vector_28
                0x000070e2                __vector_1
                0x000070e2                __vector_32
                0x000070e2                __vector_34
                0x000070e2                __vector_24
                0x000070e2                __vector_12
                0x000070e2                __bad_interrupt
                0x000070e2                __vector_6
                0x000070e2                __vector_31
                0x000070e2                __vector_35
                0x000070e2                __vector_39
                0x000070e2                __vector_3
                0x000070e2                __vector_23
                0x000070e2                __vector_30
                0x000070e2                __vector_25
                0x000070e2                __vector_11
                0x000070e2                __vector_13
                0x000070e2                __vector_19
                0x000070e2                __vector_7
                0x000070e2                __vector_41
                0x000070e2                __vector_27
                0x000070e2                __vector_5
                0x000070e2                __vector_33
                0x000070e2                __vector_37
                0x000070e2                __vector_4
                0x000070e2                __vector_9
                0x000070e2                __vector_2
                0x000070e2                __vector_21
                0x000070e2                __vector_15
                0x000070e2                __vector_36
                0x000070e2                __vector_29
                0x000070e2                __vector_40
                0x000070e2                __vector_8
                0x000070e2                __vector_26
                0x000070e2                __vector_14
                0x000070e2                __vector_16
                0x000070e2                __vector_18
                0x000070e2                __vector_20
                0x000070e2                __vector_42
                0x000070e4                . = ALIGN (0x2)
 *(.text.*)
 .text.FetchNextCommandByte
                0x000070e4       0x34 Caterina.o
 .text.WriteNextResponseByte
                0x00007118       0x3c Caterina.o
 .text.StartSketch
                0x00007154       0x1c Caterina.o
                0x00007154                StartSketch
 .text.__vector_17
                0x00007170       0x9c Caterina.o
                0x00007170                __vector_17
 .text.EVENT_USB_Device_ConfigurationChanged
                0x0000720c       0x18 Caterina.o
                0x0000720c                EVENT_USB_Device_ConfigurationChanged
 .text.EVENT_USB_Device_ControlRequest
                0x00007224       0x60 Caterina.o
                0x00007224                EVENT_USB_Device_ControlRequest
 .text.CDC_Task
                0x00007284      0x4c0 Caterina.o
                0x00007284                CDC_Task
 .text.startup.main
                0x00007744      0x140 Caterina.o
                0x00007744                main
 .text.CALLBACK_USB_GetDescriptor
                0x00007884       0x5c Descriptors.o
                0x00007884                CALLBACK_USB_GetDescriptor
 .text.Endpoint_ConfigureEndpoint_Prv
                0x000078e0       0x26 ../../../../../../../../../../OneDrive/LittleBird/Reference/LUFA/LUFA-111009/LUFA/Drivers/USB/Core/AVR8/Endpoint_AVR8.o
                0x000078e0                Endpoint_ConfigureEndpoint_Prv
 .text.Endpoint_ClearStatusStage
                0x00007906       0x3e ../../../../../../../../../../OneDrive/LittleBird/Reference/LUFA/LUFA-111009/LUFA/Drivers/USB/Core/AVR8/Endpoint_AVR8.o
                0x00007906                Endpoint_ClearStatusStage
 .text.USB_ResetInterface
                0x00007944       0x76 ../../../../../../../../../../OneDrive/LittleBird/Reference/LUFA/LUFA-111009/LUFA/Drivers/USB/Core/AVR8/USBController_AVR8.o
                0x00007944                USB_ResetInterface
 .text.USB_Init
                0x000079ba       0x16 ../../../../../../../../../../OneDrive/LittleBird/Reference/LUFA/LUFA-111009/LUFA/Drivers/USB/Core/AVR8/USBController_AVR8.o
                0x000079ba                USB_Init
 .text.USB_INT_DisableAllInterrupts
                0x000079d0       0x10 ../../../../../../../../../../OneDrive/LittleBird/Reference/LUFA/LUFA-111009/LUFA/Drivers/USB/Core/AVR8/USBInterrupt_AVR8.o
                0x000079d0                USB_INT_DisableAllInterrupts
 .text.USB_INT_ClearAllInterrupts
                0x000079e0        0xa ../../../../../../../../../../OneDrive/LittleBird/Reference/LUFA/LUFA-111009/LUFA/Drivers/USB/Core/AVR8/USBInterrupt_AVR8.o
                0x000079e0                USB_INT_ClearAllInterrupts
 .text.__vector_10
                0x000079ea      0x162 ../../../../../../../../../../OneDrive/LittleBird/Reference/LUFA/LUFA-111009/LUFA/Drivers/USB/Core/AVR8/USBInterrupt_AVR8.o
                0x000079ea                __vector_10
 .text.Endpoint_Write_Control_Stream_LE
                0x00007b4c       0xbe ../../../../../../../../../../OneDrive/LittleBird/Reference/LUFA/LUFA-111009/LUFA/Drivers/USB/Core/AVR8/EndpointStream_AVR8.o
                0x00007b4c                Endpoint_Write_Control_Stream_LE
 .text.Endpoint_Read_Control_Stream_LE
                0x00007c0a       0x98 ../../../../../../../../../../OneDrive/LittleBird/Reference/LUFA/LUFA-111009/LUFA/Drivers/USB/Core/AVR8/EndpointStream_AVR8.o
                0x00007c0a                Endpoint_Read_Control_Stream_LE
 .text.USB_Device_ProcessControlRequest
                0x00007ca2      0x216 ../../../../../../../../../../OneDrive/LittleBird/Reference/LUFA/LUFA-111009/LUFA/Drivers/USB/Core/DeviceStandardReq.o
                0x00007ca2                USB_Device_ProcessControlRequest
 .text.USB_Event_Stub
                0x00007eb8        0x2 ../../../../../../../../../../OneDrive/LittleBird/Reference/LUFA/LUFA-111009/LUFA/Drivers/USB/Core/Events.o
                0x00007eb8                EVENT_USB_Device_WakeUp
                0x00007eb8                USB_Event_Stub
                0x00007eb8                EVENT_USB_Device_Suspend
                0x00007eb8                EVENT_USB_Device_StartOfFrame
                0x00007eb8                EVENT_USB_Device_Disconnect
                0x00007eb8                EVENT_USB_Device_Reset
                0x00007eb8                EVENT_USB_Device_Connect
 .text.USB_USBTask
                0x00007eba       0x24 ../../../../../../../../../../OneDrive/LittleBird/Reference/LUFA/LUFA-111009/LUFA/Drivers/USB/Core/USBTask.o
                0x00007eba                USB_USBTask
 .text.avr-libc
                0x00007ede       0x10 c:/program files (x86)/atmel/avr tools/avr toolchain/bin/../lib/gcc/avr/4.6.2/../../../../avr/lib/avr5\libc.a(eerd_byte_atmega32u4.o)
                0x00007ede                __eerd_byte_m32u4
 .text.avr-libc
                0x00007eee       0x1c c:/program files (x86)/atmel/avr tools/avr toolchain/bin/../lib/gcc/avr/4.6.2/../../../../avr/lib/avr5\libc.a(eewr_byte_atmega32u4.o)
                0x00007eee                __eewr_byte_m32u4
                0x00007ef0                __eewr_r18_m32u4
                0x00007f0a                . = ALIGN (0x2)
 *(.fini9)
 .fini9         0x00007f0a        0x0 c:/program files (x86)/atmel/avr tools/avr toolchain/bin/../lib/gcc/avr/4.6.2/avr5\libgcc.a(_exit.o)
                0x00007f0a                _exit
                0x00007f0a                exit
 *(.fini9)
 *(.fini8)
 *(.fini8)
 *(.fini7)
 *(.fini7)
 *(.fini6)
 *(.fini6)
 *(.fini5)
 *(.fini5)
 *(.fini4)
 *(.fini4)
 *(.fini3)
 *(.fini3)
 *(.fini2)
 *(.fini2)
 *(.fini1)
 *(.fini1)
 *(.fini0)
 .fini0         0x00007f0a        0x4 c:/program files (x86)/atmel/avr tools/avr toolchain/bin/../lib/gcc/avr/4.6.2/avr5\libgcc.a(_exit.o)
 *(.fini0)
                0x00007f0e                _etext = .

.data           0x00800100       0xb4 load address 0x00007f0e
                0x00800100                PROVIDE (__data_start, .)
 *(.data)
 .data          0x00800100        0x0 c:/program files (x86)/atmel/avr tools/avr toolchain/bin/../lib/gcc/avr/4.6.2/../../../../avr/lib/avr5/crtm32u4.o
 .data          0x00800100       0x14 Caterina.o
                0x00800109                bootKeyPtr
                0x0080010b                bootKey
 .data          0x00800114       0xa0 Descriptors.o
                0x00800114                ManufNameString
                0x00800140                ProductString
                0x00800160                LanguageString
                0x00800164                ConfigurationDescriptor
                0x008001a2                DeviceDescriptor
 .data          0x008001b4        0x0 ../../../../../../../../../../OneDrive/LittleBird/Reference/LUFA/LUFA-111009/LUFA/Drivers/USB/Core/AVR8/Device_AVR8.o
 .data          0x008001b4        0x0 ../../../../../../../../../../OneDrive/LittleBird/Reference/LUFA/LUFA-111009/LUFA/Drivers/USB/Core/AVR8/Endpoint_AVR8.o
 .data          0x008001b4        0x0 ../../../../../../../../../../OneDrive/LittleBird/Reference/LUFA/LUFA-111009/LUFA/Drivers/USB/Core/AVR8/Host_AVR8.o
 .data          0x008001b4        0x0 ../../../../../../../../../../OneDrive/LittleBird/Reference/LUFA/LUFA-111009/LUFA/Drivers/USB/Core/AVR8/Pipe_AVR8.o
 .data          0x008001b4        0x0 ../../../../../../../../../../OneDrive/LittleBird/Reference/LUFA/LUFA-111009/LUFA/Drivers/USB/Core/AVR8/USBController_AVR8.o
 .data          0x008001b4        0x0 ../../../../../../../../../../OneDrive/LittleBird/Reference/LUFA/LUFA-111009/LUFA/Drivers/USB/Core/AVR8/USBInterrupt_AVR8.o
 .data          0x008001b4        0x0 ../../../../../../../../../../OneDrive/LittleBird/Reference/LUFA/LUFA-111009/LUFA/Drivers/USB/Core/AVR8/EndpointStream_AVR8.o
 .data          0x008001b4        0x0 ../../../../../../../../../../OneDrive/LittleBird/Reference/LUFA/LUFA-111009/LUFA/Drivers/USB/Core/AVR8/PipeStream_AVR8.o
 .data          0x008001b4        0x0 ../../../../../../../../../../OneDrive/LittleBird/Reference/LUFA/LUFA-111009/LUFA/Drivers/USB/Core/ConfigDescriptor.o
 .data          0x008001b4        0x0 ../../../../../../../../../../OneDrive/LittleBird/Reference/LUFA/LUFA-111009/LUFA/Drivers/USB/Core/DeviceStandardReq.o
 .data          0x008001b4        0x0 ../../../../../../../../../../OneDrive/LittleBird/Reference/LUFA/LUFA-111009/LUFA/Drivers/USB/Core/Events.o
 .data          0x008001b4        0x0 ../../../../../../../../../../OneDrive/LittleBird/Reference/LUFA/LUFA-111009/LUFA/Drivers/USB/Core/HostStandardReq.o
 .data          0x008001b4        0x0 ../../../../../../../../../../OneDrive/LittleBird/Reference/LUFA/LUFA-111009/LUFA/Drivers/USB/Core/USBTask.o
 .data          0x008001b4        0x0 ../../../../../../../../../../OneDrive/LittleBird/Reference/LUFA/LUFA-111009/LUFA/Drivers/USB/Class/Common/HIDParser.o
 .data          0x008001b4        0x0 c:/program files (x86)/atmel/avr tools/avr toolchain/bin/../lib/gcc/avr/4.6.2/avr5\libgcc.a(_exit.o)
 .data          0x008001b4        0x0 c:/program files (x86)/atmel/avr tools/avr toolchain/bin/../lib/gcc/avr/4.6.2/avr5\libgcc.a(_copy_data.o)
 .data          0x008001b4        0x0 c:/program files (x86)/atmel/avr tools/avr toolchain/bin/../lib/gcc/avr/4.6.2/avr5\libgcc.a(_clear_bss.o)
 .data          0x008001b4        0x0 c:/program files (x86)/atmel/avr tools/avr toolchain/bin/../lib/gcc/avr/4.6.2/../../../../avr/lib/avr5\libc.a(eerd_byte_atmega32u4.o)
 .data          0x008001b4        0x0 c:/program files (x86)/atmel/avr tools/avr toolchain/bin/../lib/gcc/avr/4.6.2/../../../../avr/lib/avr5\libc.a(eeupd_byte_atmega32u4.o)
 .data          0x008001b4        0x0 c:/program files (x86)/atmel/avr tools/avr toolchain/bin/../lib/gcc/avr/4.6.2/../../../../avr/lib/avr5\libc.a(eewr_byte_atmega32u4.o)
 *(.data*)
 *(.rodata)
 *(.rodata*)
 *(.gnu.linkonce.d*)
                0x008001b4                . = ALIGN (0x2)
                0x008001b4                _edata = .
                0x008001b4                PROVIDE (__data_end, .)

.bss            0x008001b4       0x19
                0x008001b4                PROVIDE (__bss_start, .)
 *(.bss)
 .bss           0x008001b4        0xd Caterina.o
                0x008001b4                resetTimeout
                0x008001b6                Timeout
                0x008001b8                RxLEDPulse
                0x008001ba                TxLEDPulse
 *(.bss*)
 *(COMMON)
 COMMON         0x008001c1        0x2 Caterina.o
                0x008001c1                LLEDPulse
 COMMON         0x008001c3        0x1 ../../../../../../../../../../OneDrive/LittleBird/Reference/LUFA/LUFA-111009/LUFA/Drivers/USB/Core/DeviceStandardReq.o
                0x008001c3                USB_Device_ConfigurationNumber
 COMMON         0x008001c4        0x9 ../../../../../../../../../../OneDrive/LittleBird/Reference/LUFA/LUFA-111009/LUFA/Drivers/USB/Core/USBTask.o
                0x008001c4                USB_IsInitialized
                0x008001c5                USB_ControlRequest
                0x008001cd                PROVIDE (__bss_end, .)
                0x00007f0e                __data_load_start = LOADADDR (.data)
                0x00007fc2                __data_load_end = (__data_load_start + SIZEOF (.data))

.noinit         0x008001cd        0x0
                0x008001cd                PROVIDE (__noinit_start, .)
 *(.noinit*)
                0x008001cd                PROVIDE (__noinit_end, .)
                0x008001cd                _end = .
                0x008001cd                PROVIDE (__heap_start, .)

.eeprom         0x00810000        0x0
 *(.eeprom*)
                0x00810000                __eeprom_end = .

.fuse
 *(.fuse)
 *(.lfuse)
 *(.hfuse)
 *(.efuse)

.lock
 *(.lock*)

.signature
 *(.signature*)

.stab           0x00000000      0x954
 *(.stab)
 .stab          0x00000000      0x6cc c:/program files (x86)/atmel/avr tools/avr toolchain/bin/../lib/gcc/avr/4.6.2/../../../../avr/lib/avr5/crtm32u4.o
 .stab          0x000006cc       0x90 c:/program files (x86)/atmel/avr tools/avr toolchain/bin/../lib/gcc/avr/4.6.2/../../../../avr/lib/avr5\libc.a(eerd_byte_atmega32u4.o)
                                 0x9c (size before relaxing)
 .stab          0x0000075c      0x114 c:/program files (x86)/atmel/avr tools/avr toolchain/bin/../lib/gcc/avr/4.6.2/../../../../avr/lib/avr5\libc.a(eeupd_byte_atmega32u4.o)
                                0x120 (size before relaxing)
 .stab          0x00000870       0xe4 c:/program files (x86)/atmel/avr tools/avr toolchain/bin/../lib/gcc/avr/4.6.2/../../../../avr/lib/avr5\libc.a(eewr_byte_atmega32u4.o)
                                 0xf0 (size before relaxing)

.stabstr        0x00000000      0x1af
 *(.stabstr)
 .stabstr       0x00000000      0x1af c:/program files (x86)/atmel/avr tools/avr toolchain/bin/../lib/gcc/avr/4.6.2/../../../../avr/lib/avr5/crtm32u4.o

.stab.excl
 *(.stab.excl)

.stab.exclstr
 *(.stab.exclstr)

.stab.index
 *(.stab.index)

.stab.indexstr
 *(.stab.indexstr)

.comment
 *(.comment)

.debug
 *(.debug)

.line
 *(.line)

.debug_srcinfo
 *(.debug_srcinfo)

.debug_sfnames
 *(.debug_sfnames)

.debug_aranges  0x00000000      0x328
 *(.debug_aranges)
 .debug_aranges
                0x00000000       0x58 Caterina.o
 .debug_aranges
                0x00000058       0x20 Descriptors.o
 .debug_aranges
                0x00000078       0x20 ../../../../../../../../../../OneDrive/LittleBird/Reference/LUFA/LUFA-111009/LUFA/Drivers/USB/Core/AVR8/Device_AVR8.o
 .debug_aranges
                0x00000098       0x38 ../../../../../../../../../../OneDrive/LittleBird/Reference/LUFA/LUFA-111009/LUFA/Drivers/USB/Core/AVR8/Endpoint_AVR8.o
 .debug_aranges
                0x000000d0       0x30 ../../../../../../../../../../OneDrive/LittleBird/Reference/LUFA/LUFA-111009/LUFA/Drivers/USB/Core/AVR8/USBController_AVR8.o
 .debug_aranges
                0x00000100       0x30 ../../../../../../../../../../OneDrive/LittleBird/Reference/LUFA/LUFA-111009/LUFA/Drivers/USB/Core/AVR8/USBInterrupt_AVR8.o
 .debug_aranges
                0x00000130       0xc8 ../../../../../../../../../../OneDrive/LittleBird/Reference/LUFA/LUFA-111009/LUFA/Drivers/USB/Core/AVR8/EndpointStream_AVR8.o
 .debug_aranges
                0x000001f8       0x38 ../../../../../../../../../../OneDrive/LittleBird/Reference/LUFA/LUFA-111009/LUFA/Drivers/USB/Core/ConfigDescriptor.o
 .debug_aranges
                0x00000230       0x20 ../../../../../../../../../../OneDrive/LittleBird/Reference/LUFA/LUFA-111009/LUFA/Drivers/USB/Core/DeviceStandardReq.o
 .debug_aranges
                0x00000250       0x20 ../../../../../../../../../../OneDrive/LittleBird/Reference/LUFA/LUFA-111009/LUFA/Drivers/USB/Core/Events.o
 .debug_aranges
                0x00000270       0x20 ../../../../../../../../../../OneDrive/LittleBird/Reference/LUFA/LUFA-111009/LUFA/Drivers/USB/Core/USBTask.o
 .debug_aranges
                0x00000290       0x38 ../../../../../../../../../../OneDrive/LittleBird/Reference/LUFA/LUFA-111009/LUFA/Drivers/USB/Class/Common/HIDParser.o
 .debug_aranges
                0x000002c8       0x20 c:/program files (x86)/atmel/avr tools/avr toolchain/bin/../lib/gcc/avr/4.6.2/avr5\libgcc.a(_exit.o)
 .debug_aranges
                0x000002e8       0x20 c:/program files (x86)/atmel/avr tools/avr toolchain/bin/../lib/gcc/avr/4.6.2/avr5\libgcc.a(_copy_data.o)
 .debug_aranges
                0x00000308       0x20 c:/program files (x86)/atmel/avr tools/avr toolchain/bin/../lib/gcc/avr/4.6.2/avr5\libgcc.a(_clear_bss.o)

.debug_pubnames
 *(.debug_pubnames)

.debug_info     0x00000000     0x4be8
 *(.debug_info)
 .debug_info    0x00000000      0xae8 Caterina.o
 .debug_info    0x00000ae8      0x690 Descriptors.o
 .debug_info    0x00001178       0xca ../../../../../../../../../../OneDrive/LittleBird/Reference/LUFA/LUFA-111009/LUFA/Drivers/USB/Core/AVR8/Device_AVR8.o
 .debug_info    0x00001242      0x3de ../../../../../../../../../../OneDrive/LittleBird/Reference/LUFA/LUFA-111009/LUFA/Drivers/USB/Core/AVR8/Endpoint_AVR8.o
 .debug_info    0x00001620      0x422 ../../../../../../../../../../OneDrive/LittleBird/Reference/LUFA/LUFA-111009/LUFA/Drivers/USB/Core/AVR8/USBController_AVR8.o
 .debug_info    0x00001a42      0x557 ../../../../../../../../../../OneDrive/LittleBird/Reference/LUFA/LUFA-111009/LUFA/Drivers/USB/Core/AVR8/USBInterrupt_AVR8.o
 .debug_info    0x00001f99     0x1554 ../../../../../../../../../../OneDrive/LittleBird/Reference/LUFA/LUFA-111009/LUFA/Drivers/USB/Core/AVR8/EndpointStream_AVR8.o
 .debug_info    0x000034ed      0x37e ../../../../../../../../../../OneDrive/LittleBird/Reference/LUFA/LUFA-111009/LUFA/Drivers/USB/Core/ConfigDescriptor.o
 .debug_info    0x0000386b      0x75c ../../../../../../../../../../OneDrive/LittleBird/Reference/LUFA/LUFA-111009/LUFA/Drivers/USB/Core/DeviceStandardReq.o
 .debug_info    0x00003fc7       0x77 ../../../../../../../../../../OneDrive/LittleBird/Reference/LUFA/LUFA-111009/LUFA/Drivers/USB/Core/Events.o
 .debug_info    0x0000403e      0x219 ../../../../../../../../../../OneDrive/LittleBird/Reference/LUFA/LUFA-111009/LUFA/Drivers/USB/Core/USBTask.o
 .debug_info    0x00004257      0x6fa ../../../../../../../../../../OneDrive/LittleBird/Reference/LUFA/LUFA-111009/LUFA/Drivers/USB/Class/Common/HIDParser.o
 .debug_info    0x00004951       0xdd c:/program files (x86)/atmel/avr tools/avr toolchain/bin/../lib/gcc/avr/4.6.2/avr5\libgcc.a(_exit.o)
 .debug_info    0x00004a2e       0xdd c:/program files (x86)/atmel/avr tools/avr toolchain/bin/../lib/gcc/avr/4.6.2/avr5\libgcc.a(_copy_data.o)
 .debug_info    0x00004b0b       0xdd c:/program files (x86)/atmel/avr tools/avr toolchain/bin/../lib/gcc/avr/4.6.2/avr5\libgcc.a(_clear_bss.o)
 *(.gnu.linkonce.wi.*)

.debug_abbrev   0x00000000     0x117a
 *(.debug_abbrev)
 .debug_abbrev  0x00000000      0x304 Caterina.o
 .debug_abbrev  0x00000304      0x132 Descriptors.o
 .debug_abbrev  0x00000436       0x7d ../../../../../../../../../../OneDrive/LittleBird/Reference/LUFA/LUFA-111009/LUFA/Drivers/USB/Core/AVR8/Device_AVR8.o
 .debug_abbrev  0x000004b3      0x179 ../../../../../../../../../../OneDrive/LittleBird/Reference/LUFA/LUFA-111009/LUFA/Drivers/USB/Core/AVR8/Endpoint_AVR8.o
 .debug_abbrev  0x0000062c        0x1 ../../../../../../../../../../OneDrive/LittleBird/Reference/LUFA/LUFA-111009/LUFA/Drivers/USB/Core/AVR8/Host_AVR8.o
 .debug_abbrev  0x0000062d        0x1 ../../../../../../../../../../OneDrive/LittleBird/Reference/LUFA/LUFA-111009/LUFA/Drivers/USB/Core/AVR8/Pipe_AVR8.o
 .debug_abbrev  0x0000062e      0x152 ../../../../../../../../../../OneDrive/LittleBird/Reference/LUFA/LUFA-111009/LUFA/Drivers/USB/Core/AVR8/USBController_AVR8.o
 .debug_abbrev  0x00000780      0x165 ../../../../../../../../../../OneDrive/LittleBird/Reference/LUFA/LUFA-111009/LUFA/Drivers/USB/Core/AVR8/USBInterrupt_AVR8.o
 .debug_abbrev  0x000008e5      0x1b1 ../../../../../../../../../../OneDrive/LittleBird/Reference/LUFA/LUFA-111009/LUFA/Drivers/USB/Core/AVR8/EndpointStream_AVR8.o
 .debug_abbrev  0x00000a96        0x1 ../../../../../../../../../../OneDrive/LittleBird/Reference/LUFA/LUFA-111009/LUFA/Drivers/USB/Core/AVR8/PipeStream_AVR8.o
 .debug_abbrev  0x00000a97      0x148 ../../../../../../../../../../OneDrive/LittleBird/Reference/LUFA/LUFA-111009/LUFA/Drivers/USB/Core/ConfigDescriptor.o
 .debug_abbrev  0x00000bdf      0x1f2 ../../../../../../../../../../OneDrive/LittleBird/Reference/LUFA/LUFA-111009/LUFA/Drivers/USB/Core/DeviceStandardReq.o
 .debug_abbrev  0x00000dd1       0x41 ../../../../../../../../../../OneDrive/LittleBird/Reference/LUFA/LUFA-111009/LUFA/Drivers/USB/Core/Events.o
 .debug_abbrev  0x00000e12        0x1 ../../../../../../../../../../OneDrive/LittleBird/Reference/LUFA/LUFA-111009/LUFA/Drivers/USB/Core/HostStandardReq.o
 .debug_abbrev  0x00000e13      0x13f ../../../../../../../../../../OneDrive/LittleBird/Reference/LUFA/LUFA-111009/LUFA/Drivers/USB/Core/USBTask.o
 .debug_abbrev  0x00000f52      0x1ec ../../../../../../../../../../OneDrive/LittleBird/Reference/LUFA/LUFA-111009/LUFA/Drivers/USB/Class/Common/HIDParser.o
 .debug_abbrev  0x0000113e       0x14 c:/program files (x86)/atmel/avr tools/avr toolchain/bin/../lib/gcc/avr/4.6.2/avr5\libgcc.a(_exit.o)
 .debug_abbrev  0x00001152       0x14 c:/program files (x86)/atmel/avr tools/avr toolchain/bin/../lib/gcc/avr/4.6.2/avr5\libgcc.a(_copy_data.o)
 .debug_abbrev  0x00001166       0x14 c:/program files (x86)/atmel/avr tools/avr toolchain/bin/../lib/gcc/avr/4.6.2/avr5\libgcc.a(_clear_bss.o)

.debug_line     0x00000000     0x326f
 *(.debug_line)
 .debug_line    0x00000000      0x681 Caterina.o
 .debug_line    0x00000681      0x234 Descriptors.o
 .debug_line    0x000008b5      0x1c7 ../../../../../../../../../../OneDrive/LittleBird/Reference/LUFA/LUFA-111009/LUFA/Drivers/USB/Core/AVR8/Device_AVR8.o
 .debug_line    0x00000a7c      0x437 ../../../../../../../../../../OneDrive/LittleBird/Reference/LUFA/LUFA-111009/LUFA/Drivers/USB/Core/AVR8/Endpoint_AVR8.o
 .debug_line    0x00000eb3        0x0 ../../../../../../../../../../OneDrive/LittleBird/Reference/LUFA/LUFA-111009/LUFA/Drivers/USB/Core/AVR8/Host_AVR8.o
 .debug_line    0x00000eb3        0x0 ../../../../../../../../../../OneDrive/LittleBird/Reference/LUFA/LUFA-111009/LUFA/Drivers/USB/Core/AVR8/Pipe_AVR8.o
 .debug_line    0x00000eb3      0x387 ../../../../../../../../../../OneDrive/LittleBird/Reference/LUFA/LUFA-111009/LUFA/Drivers/USB/Core/AVR8/USBController_AVR8.o
 .debug_line    0x0000123a      0x4aa ../../../../../../../../../../OneDrive/LittleBird/Reference/LUFA/LUFA-111009/LUFA/Drivers/USB/Core/AVR8/USBInterrupt_AVR8.o
 .debug_line    0x000016e4      0xda0 ../../../../../../../../../../OneDrive/LittleBird/Reference/LUFA/LUFA-111009/LUFA/Drivers/USB/Core/AVR8/EndpointStream_AVR8.o
 .debug_line    0x00002484        0x0 ../../../../../../../../../../OneDrive/LittleBird/Reference/LUFA/LUFA-111009/LUFA/Drivers/USB/Core/AVR8/PipeStream_AVR8.o
 .debug_line    0x00002484      0x22d ../../../../../../../../../../OneDrive/LittleBird/Reference/LUFA/LUFA-111009/LUFA/Drivers/USB/Core/ConfigDescriptor.o
 .debug_line    0x000026b1      0x415 ../../../../../../../../../../OneDrive/LittleBird/Reference/LUFA/LUFA-111009/LUFA/Drivers/USB/Core/DeviceStandardReq.o
 .debug_line    0x00002ac6       0x99 ../../../../../../../../../../OneDrive/LittleBird/Reference/LUFA/LUFA-111009/LUFA/Drivers/USB/Core/Events.o
 .debug_line    0x00002b5f        0x0 ../../../../../../../../../../OneDrive/LittleBird/Reference/LUFA/LUFA-111009/LUFA/Drivers/USB/Core/HostStandardReq.o
 .debug_line    0x00002b5f      0x23c ../../../../../../../../../../OneDrive/LittleBird/Reference/LUFA/LUFA-111009/LUFA/Drivers/USB/Core/USBTask.o
 .debug_line    0x00002d9b      0x32d ../../../../../../../../../../OneDrive/LittleBird/Reference/LUFA/LUFA-111009/LUFA/Drivers/USB/Class/Common/HIDParser.o
 .debug_line    0x000030c8       0x88 c:/program files (x86)/atmel/avr tools/avr toolchain/bin/../lib/gcc/avr/4.6.2/avr5\libgcc.a(_exit.o)
 .debug_line    0x00003150       0x91 c:/program files (x86)/atmel/avr tools/avr toolchain/bin/../lib/gcc/avr/4.6.2/avr5\libgcc.a(_copy_data.o)
 .debug_line    0x000031e1       0x8e c:/program files (x86)/atmel/avr tools/avr toolchain/bin/../lib/gcc/avr/4.6.2/avr5\libgcc.a(_clear_bss.o)

.debug_frame    0x00000000      0x9ec
 *(.debug_frame)
 .debug_frame   0x00000000      0x128 Caterina.o
 .debug_frame   0x00000128       0x24 Descriptors.o
 .debug_frame   0x0000014c       0x24 ../../../../../../../../../../OneDrive/LittleBird/Reference/LUFA/LUFA-111009/LUFA/Drivers/USB/Core/AVR8/Device_AVR8.o
 .debug_frame   0x00000170       0x54 ../../../../../../../../../../OneDrive/LittleBird/Reference/LUFA/LUFA-111009/LUFA/Drivers/USB/Core/AVR8/Endpoint_AVR8.o
 .debug_frame   0x000001c4       0x5c ../../../../../../../../../../OneDrive/LittleBird/Reference/LUFA/LUFA-111009/LUFA/Drivers/USB/Core/AVR8/USBController_AVR8.o
 .debug_frame   0x00000220       0x98 ../../../../../../../../../../OneDrive/LittleBird/Reference/LUFA/LUFA-111009/LUFA/Drivers/USB/Core/AVR8/USBInterrupt_AVR8.o
 .debug_frame   0x000002b8      0x4a4 ../../../../../../../../../../OneDrive/LittleBird/Reference/LUFA/LUFA-111009/LUFA/Drivers/USB/Core/AVR8/EndpointStream_AVR8.o
 .debug_frame   0x0000075c       0xc8 ../../../../../../../../../../OneDrive/LittleBird/Reference/LUFA/LUFA-111009/LUFA/Drivers/USB/Core/ConfigDescriptor.o
 .debug_frame   0x00000824       0x44 ../../../../../../../../../../OneDrive/LittleBird/Reference/LUFA/LUFA-111009/LUFA/Drivers/USB/Core/DeviceStandardReq.o
 .debug_frame   0x00000868       0x24 ../../../../../../../../../../OneDrive/LittleBird/Reference/LUFA/LUFA-111009/LUFA/Drivers/USB/Core/Events.o
 .debug_frame   0x0000088c       0x2c ../../../../../../../../../../OneDrive/LittleBird/Reference/LUFA/LUFA-111009/LUFA/Drivers/USB/Core/USBTask.o
 .debug_frame   0x000008b8      0x134 ../../../../../../../../../../OneDrive/LittleBird/Reference/LUFA/LUFA-111009/LUFA/Drivers/USB/Class/Common/HIDParser.o

.debug_str      0x00000000     0x2538
 *(.debug_str)
 .debug_str     0x00000000      0x6ef Caterina.o
                                0x785 (size before relaxing)
 .debug_str     0x000006ef      0x62a Descriptors.o
                                0x77e (size before relaxing)
 .debug_str     0x00000d19       0xbe ../../../../../../../../../../OneDrive/LittleBird/Reference/LUFA/LUFA-111009/LUFA/Drivers/USB/Core/AVR8/Device_AVR8.o
                                0x19f (size before relaxing)
 .debug_str     0x00000dd7      0x29d ../../../../../../../../../../OneDrive/LittleBird/Reference/LUFA/LUFA-111009/LUFA/Drivers/USB/Core/AVR8/Endpoint_AVR8.o
                                0x4f3 (size before relaxing)
 .debug_str     0x00001074      0x24a ../../../../../../../../../../OneDrive/LittleBird/Reference/LUFA/LUFA-111009/LUFA/Drivers/USB/Core/AVR8/USBController_AVR8.o
                                0x45c (size before relaxing)
 .debug_str     0x000012be      0x130 ../../../../../../../../../../OneDrive/LittleBird/Reference/LUFA/LUFA-111009/LUFA/Drivers/USB/Core/AVR8/USBInterrupt_AVR8.o
                                0x40d (size before relaxing)
 .debug_str     0x000013ee      0x50e ../../../../../../../../../../OneDrive/LittleBird/Reference/LUFA/LUFA-111009/LUFA/Drivers/USB/Core/AVR8/EndpointStream_AVR8.o
                                0x7b5 (size before relaxing)
 .debug_str     0x000018fc      0x26d ../../../../../../../../../../OneDrive/LittleBird/Reference/LUFA/LUFA-111009/LUFA/Drivers/USB/Core/ConfigDescriptor.o
                                0x386 (size before relaxing)
 .debug_str     0x00001b69      0x3cb ../../../../../../../../../../OneDrive/LittleBird/Reference/LUFA/LUFA-111009/LUFA/Drivers/USB/Core/DeviceStandardReq.o
                                0x6c5 (size before relaxing)
 .debug_str     0x00001f34       0x7b ../../../../../../../../../../OneDrive/LittleBird/Reference/LUFA/LUFA-111009/LUFA/Drivers/USB/Core/Events.o
                                0x14e (size before relaxing)
 .debug_str     0x00001faf       0xb1 ../../../../../../../../../../OneDrive/LittleBird/Reference/LUFA/LUFA-111009/LUFA/Drivers/USB/Core/USBTask.o
                                0x2de (size before relaxing)
 .debug_str     0x00002060      0x4d8 ../../../../../../../../../../OneDrive/LittleBird/Reference/LUFA/LUFA-111009/LUFA/Drivers/USB/Class/Common/HIDParser.o
                                0x63c (size before relaxing)

.debug_loc      0x00000000     0x37bd
 *(.debug_loc)
 .debug_loc     0x00000000      0x4ed Caterina.o
 .debug_loc     0x000004ed      0x11f Descriptors.o
 .debug_loc     0x0000060c      0x13b ../../../../../../../../../../OneDrive/LittleBird/Reference/LUFA/LUFA-111009/LUFA/Drivers/USB/Core/AVR8/Endpoint_AVR8.o
 .debug_loc     0x00000747       0x49 ../../../../../../../../../../OneDrive/LittleBird/Reference/LUFA/LUFA-111009/LUFA/Drivers/USB/Core/AVR8/USBController_AVR8.o
 .debug_loc     0x00000790      0x20b ../../../../../../../../../../OneDrive/LittleBird/Reference/LUFA/LUFA-111009/LUFA/Drivers/USB/Core/AVR8/USBInterrupt_AVR8.o
 .debug_loc     0x0000099b     0x1c63 ../../../../../../../../../../OneDrive/LittleBird/Reference/LUFA/LUFA-111009/LUFA/Drivers/USB/Core/AVR8/EndpointStream_AVR8.o
 .debug_loc     0x000025fe      0x433 ../../../../../../../../../../OneDrive/LittleBird/Reference/LUFA/LUFA-111009/LUFA/Drivers/USB/Core/ConfigDescriptor.o
 .debug_loc     0x00002a31      0x23a ../../../../../../../../../../OneDrive/LittleBird/Reference/LUFA/LUFA-111009/LUFA/Drivers/USB/Core/DeviceStandardReq.o
 .debug_loc     0x00002c6b       0x49 ../../../../../../../../../../OneDrive/LittleBird/Reference/LUFA/LUFA-111009/LUFA/Drivers/USB/Core/USBTask.o
 .debug_loc     0x00002cb4      0xb09 ../../../../../../../../../../OneDrive/LittleBird/Reference/LUFA/LUFA-111009/LUFA/Drivers/USB/Class/Common/HIDParser.o

.debug_macinfo
 *(.debug_macinfo)
OUTPUT(Caterina.elf elf32-avr)
LOAD linker stubs

.debug_ranges   0x00000000      0x4b8
 .debug_ranges  0x00000000       0x60 Caterina.o
 .debug_ranges  0x00000060       0x10 Descriptors.o
 .debug_ranges  0x00000070       0x10 ../../../../../../../../../../OneDrive/LittleBird/Reference/LUFA/LUFA-111009/LUFA/Drivers/USB/Core/AVR8/Device_AVR8.o
 .debug_ranges  0x00000080       0x40 ../../../../../../../../../../OneDrive/LittleBird/Reference/LUFA/LUFA-111009/LUFA/Drivers/USB/Core/AVR8/Endpoint_AVR8.o
 .debug_ranges  0x000000c0       0x20 ../../../../../../../../../../OneDrive/LittleBird/Reference/LUFA/LUFA-111009/LUFA/Drivers/USB/Core/AVR8/USBController_AVR8.o
 .debug_ranges  0x000000e0       0x20 ../../../../../../../../../../OneDrive/LittleBird/Reference/LUFA/LUFA-111009/LUFA/Drivers/USB/Core/AVR8/USBInterrupt_AVR8.o
 .debug_ranges  0x00000100      0x298 ../../../../../../../../../../OneDrive/LittleBird/Reference/LUFA/LUFA-111009/LUFA/Drivers/USB/Core/AVR8/EndpointStream_AVR8.o
 .debug_ranges  0x00000398       0x28 ../../../../../../../../../../OneDrive/LittleBird/Reference/LUFA/LUFA-111009/LUFA/Drivers/USB/Core/ConfigDescriptor.o
 .debug_ranges  0x000003c0       0x10 ../../../../../../../../../../OneDrive/LittleBird/Reference/LUFA/LUFA-111009/LUFA/Drivers/USB/Core/DeviceStandardReq.o
 .debug_ranges  0x000003d0       0x10 ../../../../../../../../../../OneDrive/LittleBird/Reference/LUFA/LUFA-111009/LUFA/Drivers/USB/Core/Events.o
 .debug_ranges  0x000003e0       0x10 ../../../../../../../../../../OneDrive/LittleBird/Reference/LUFA/LUFA-111009/LUFA/Drivers/USB/Core/USBTask.o
 .debug_ranges  0x000003f0       0xc8 ../../../../../../../../../../OneDrive/LittleBird/Reference/LUFA/LUFA-111009/LUFA/Drivers/USB/Class/Common/HIDParser.o

Cross Reference Table

Symbol                                            File
CALLBACK_HIDParser_FilterHIDReportItem            ../../../../../../../../../../OneDrive/LittleBird/Reference/LUFA/LUFA-111009/LUFA/Drivers/USB/Class/Common/HIDParser.o
CALLBACK_USB_GetDescriptor                        Descriptors.o
                                                  ../../../../../../../../../../OneDrive/LittleBird/Reference/LUFA/LUFA-111009/LUFA/Drivers/USB/Core/DeviceStandardReq.o
CDC_Task                                          Caterina.o
ConfigurationDescriptor                           Descriptors.o
DeviceDescriptor                                  Descriptors.o
EVENT_USB_Device_ConfigurationChanged             Caterina.o
                                                  ../../../../../../../../../../OneDrive/LittleBird/Reference/LUFA/LUFA-111009/LUFA/Drivers/USB/Core/DeviceStandardReq.o
EVENT_USB_Device_Connect                          ../../../../../../../../../../OneDrive/LittleBird/Reference/LUFA/LUFA-111009/LUFA/Drivers/USB/Core/Events.o
                                                  ../../../../../../../../../../OneDrive/LittleBird/Reference/LUFA/LUFA-111009/LUFA/Drivers/USB/Core/AVR8/USBInterrupt_AVR8.o
EVENT_USB_Device_ControlRequest                   Caterina.o
                                                  ../../../../../../../../../../OneDrive/LittleBird/Reference/LUFA/LUFA-111009/LUFA/Drivers/USB/Core/DeviceStandardReq.o
EVENT_USB_Device_Disconnect                       ../../../../../../../../../../OneDrive/LittleBird/Reference/LUFA/LUFA-111009/LUFA/Drivers/USB/Core/Events.o
                                                  ../../../../../../../../../../OneDrive/LittleBird/Reference/LUFA/LUFA-111009/LUFA/Drivers/USB/Core/AVR8/USBInterrupt_AVR8.o
EVENT_USB_Device_Reset                            ../../../../../../../../../../OneDrive/LittleBird/Reference/LUFA/LUFA-111009/LUFA/Drivers/USB/Core/Events.o
                                                  ../../../../../../../../../../OneDrive/LittleBird/Reference/LUFA/LUFA-111009/LUFA/Drivers/USB/Core/AVR8/USBInterrupt_AVR8.o
EVENT_USB_Device_StartOfFrame                     ../../../../../../../../../../OneDrive/LittleBird/Reference/LUFA/LUFA-111009/LUFA/Drivers/USB/Core/Events.o
EVENT_USB_Device_Suspend                          ../../../../../../../../../../OneDrive/LittleBird/Reference/LUFA/LUFA-111009/LUFA/Drivers/USB/Core/Events.o
                                                  ../../../../../../../../../../OneDrive/LittleBird/Reference/LUFA/LUFA-111009/LUFA/Drivers/USB/Core/AVR8/USBInterrupt_AVR8.o
EVENT_USB_Device_WakeUp                           ../../../../../../../../../../OneDrive/LittleBird/Reference/LUFA/LUFA-111009/LUFA/Drivers/USB/Core/Events.o
                                                  ../../../../../../../../../../OneDrive/LittleBird/Reference/LUFA/LUFA-111009/LUFA/Drivers/USB/Core/AVR8/USBInterrupt_AVR8.o
Endpoint_ClearEndpoints                           ../../../../../../../../../../OneDrive/LittleBird/Reference/LUFA/LUFA-111009/LUFA/Drivers/USB/Core/AVR8/Endpoint_AVR8.o
Endpoint_ClearStatusStage                         ../../../../../../../../../../OneDrive/LittleBird/Reference/LUFA/LUFA-111009/LUFA/Drivers/USB/Core/AVR8/Endpoint_AVR8.o
                                                  ../../../../../../../../../../OneDrive/LittleBird/Reference/LUFA/LUFA-111009/LUFA/Drivers/USB/Core/DeviceStandardReq.o
Endpoint_ConfigureEndpoint_Prv                    ../../../../../../../../../../OneDrive/LittleBird/Reference/LUFA/LUFA-111009/LUFA/Drivers/USB/Core/AVR8/Endpoint_AVR8.o
                                                  ../../../../../../../../../../OneDrive/LittleBird/Reference/LUFA/LUFA-111009/LUFA/Drivers/USB/Core/AVR8/USBInterrupt_AVR8.o
                                                  ../../../../../../../../../../OneDrive/LittleBird/Reference/LUFA/LUFA-111009/LUFA/Drivers/USB/Core/AVR8/USBController_AVR8.o
                                                  Caterina.o
Endpoint_Discard_Stream                           ../../../../../../../../../../OneDrive/LittleBird/Reference/LUFA/LUFA-111009/LUFA/Drivers/USB/Core/AVR8/EndpointStream_AVR8.o
Endpoint_Null_Stream                              ../../../../../../../../../../OneDrive/LittleBird/Reference/LUFA/LUFA-111009/LUFA/Drivers/USB/Core/AVR8/EndpointStream_AVR8.o
Endpoint_Read_Control_EStream_BE                  ../../../../../../../../../../OneDrive/LittleBird/Reference/LUFA/LUFA-111009/LUFA/Drivers/USB/Core/AVR8/EndpointStream_AVR8.o
Endpoint_Read_Control_EStream_LE                  ../../../../../../../../../../OneDrive/LittleBird/Reference/LUFA/LUFA-111009/LUFA/Drivers/USB/Core/AVR8/EndpointStream_AVR8.o
Endpoint_Read_Control_Stream_BE                   ../../../../../../../../../../OneDrive/LittleBird/Reference/LUFA/LUFA-111009/LUFA/Drivers/USB/Core/AVR8/EndpointStream_AVR8.o
Endpoint_Read_Control_Stream_LE                   ../../../../../../../../../../OneDrive/LittleBird/Reference/LUFA/LUFA-111009/LUFA/Drivers/USB/Core/AVR8/EndpointStream_AVR8.o
                                                  Caterina.o
Endpoint_Read_EStream_BE                          ../../../../../../../../../../OneDrive/LittleBird/Reference/LUFA/LUFA-111009/LUFA/Drivers/USB/Core/AVR8/EndpointStream_AVR8.o
Endpoint_Read_EStream_LE                          ../../../../../../../../../../OneDrive/LittleBird/Reference/LUFA/LUFA-111009/LUFA/Drivers/USB/Core/AVR8/EndpointStream_AVR8.o
Endpoint_Read_Stream_BE                           ../../../../../../../../../../OneDrive/LittleBird/Reference/LUFA/LUFA-111009/LUFA/Drivers/USB/Core/AVR8/EndpointStream_AVR8.o
Endpoint_Read_Stream_LE                           ../../../../../../../../../../OneDrive/LittleBird/Reference/LUFA/LUFA-111009/LUFA/Drivers/USB/Core/AVR8/EndpointStream_AVR8.o
Endpoint_WaitUntilReady                           ../../../../../../../../../../OneDrive/LittleBird/Reference/LUFA/LUFA-111009/LUFA/Drivers/USB/Core/AVR8/Endpoint_AVR8.o
                                                  ../../../../../../../../../../OneDrive/LittleBird/Reference/LUFA/LUFA-111009/LUFA/Drivers/USB/Core/AVR8/EndpointStream_AVR8.o
Endpoint_Write_Control_EStream_BE                 ../../../../../../../../../../OneDrive/LittleBird/Reference/LUFA/LUFA-111009/LUFA/Drivers/USB/Core/AVR8/EndpointStream_AVR8.o
Endpoint_Write_Control_EStream_LE                 ../../../../../../../../../../OneDrive/LittleBird/Reference/LUFA/LUFA-111009/LUFA/Drivers/USB/Core/AVR8/EndpointStream_AVR8.o
Endpoint_Write_Control_PStream_BE                 ../../../../../../../../../../OneDrive/LittleBird/Reference/LUFA/LUFA-111009/LUFA/Drivers/USB/Core/AVR8/EndpointStream_AVR8.o
Endpoint_Write_Control_PStream_LE                 ../../../../../../../../../../OneDrive/LittleBird/Reference/LUFA/LUFA-111009/LUFA/Drivers/USB/Core/AVR8/EndpointStream_AVR8.o
Endpoint_Write_Control_Stream_BE                  ../../../../../../../../../../OneDrive/LittleBird/Reference/LUFA/LUFA-111009/LUFA/Drivers/USB/Core/AVR8/EndpointStream_AVR8.o
Endpoint_Write_Control_Stream_LE                  ../../../../../../../../../../OneDrive/LittleBird/Reference/LUFA/LUFA-111009/LUFA/Drivers/USB/Core/AVR8/EndpointStream_AVR8.o
                                                  ../../../../../../../../../../OneDrive/LittleBird/Reference/LUFA/LUFA-111009/LUFA/Drivers/USB/Core/DeviceStandardReq.o
                                                  Caterina.o
Endpoint_Write_EStream_BE                         ../../../../../../../../../../OneDrive/LittleBird/Reference/LUFA/LUFA-111009/LUFA/Drivers/USB/Core/AVR8/EndpointStream_AVR8.o
Endpoint_Write_EStream_LE                         ../../../../../../../../../../OneDrive/LittleBird/Reference/LUFA/LUFA-111009/LUFA/Drivers/USB/Core/AVR8/EndpointStream_AVR8.o
Endpoint_Write_PStream_BE                         ../../../../../../../../../../OneDrive/LittleBird/Reference/LUFA/LUFA-111009/LUFA/Drivers/USB/Core/AVR8/EndpointStream_AVR8.o
Endpoint_Write_PStream_LE                         ../../../../../../../../../../OneDrive/LittleBird/Reference/LUFA/LUFA-111009/LUFA/Drivers/USB/Core/AVR8/EndpointStream_AVR8.o
Endpoint_Write_Stream_BE                          ../../../../../../../../../../OneDrive/LittleBird/Reference/LUFA/LUFA-111009/LUFA/Drivers/USB/Core/AVR8/EndpointStream_AVR8.o
Endpoint_Write_Stream_LE                          ../../../../../../../../../../OneDrive/LittleBird/Reference/LUFA/LUFA-111009/LUFA/Drivers/USB/Core/AVR8/EndpointStream_AVR8.o
LLEDPulse                                         Caterina.o
LanguageString                                    Descriptors.o
ManufNameString                                   Descriptors.o
ProductString                                     Descriptors.o
RxLEDPulse                                        Caterina.o
StartSketch                                       Caterina.o
Timeout                                           Caterina.o
TxLEDPulse                                        Caterina.o
USB_ControlRequest                                ../../../../../../../../../../OneDrive/LittleBird/Reference/LUFA/LUFA-111009/LUFA/Drivers/USB/Core/USBTask.o
                                                  ../../../../../../../../../../OneDrive/LittleBird/Reference/LUFA/LUFA-111009/LUFA/Drivers/USB/Core/DeviceStandardReq.o
                                                  ../../../../../../../../../../OneDrive/LittleBird/Reference/LUFA/LUFA-111009/LUFA/Drivers/USB/Core/AVR8/EndpointStream_AVR8.o
                                                  ../../../../../../../../../../OneDrive/LittleBird/Reference/LUFA/LUFA-111009/LUFA/Drivers/USB/Core/AVR8/Endpoint_AVR8.o
                                                  Caterina.o
USB_Device_ConfigurationNumber                    ../../../../../../../../../../OneDrive/LittleBird/Reference/LUFA/LUFA-111009/LUFA/Drivers/USB/Core/DeviceStandardReq.o
                                                  ../../../../../../../../../../OneDrive/LittleBird/Reference/LUFA/LUFA-111009/LUFA/Drivers/USB/Core/AVR8/USBInterrupt_AVR8.o
                                                  ../../../../../../../../../../OneDrive/LittleBird/Reference/LUFA/LUFA-111009/LUFA/Drivers/USB/Core/AVR8/USBController_AVR8.o
USB_Device_ProcessControlRequest                  ../../../../../../../../../../OneDrive/LittleBird/Reference/LUFA/LUFA-111009/LUFA/Drivers/USB/Core/DeviceStandardReq.o
                                                  ../../../../../../../../../../OneDrive/LittleBird/Reference/LUFA/LUFA-111009/LUFA/Drivers/USB/Core/USBTask.o
USB_Device_SendRemoteWakeup                       ../../../../../../../../../../OneDrive/LittleBird/Reference/LUFA/LUFA-111009/LUFA/Drivers/USB/Core/AVR8/Device_AVR8.o
USB_Disable                                       ../../../../../../../../../../OneDrive/LittleBird/Reference/LUFA/LUFA-111009/LUFA/Drivers/USB/Core/AVR8/USBController_AVR8.o
USB_Event_Stub                                    ../../../../../../../../../../OneDrive/LittleBird/Reference/LUFA/LUFA-111009/LUFA/Drivers/USB/Core/Events.o
USB_GetHIDReportItemInfo                          ../../../../../../../../../../OneDrive/LittleBird/Reference/LUFA/LUFA-111009/LUFA/Drivers/USB/Class/Common/HIDParser.o
USB_GetHIDReportSize                              ../../../../../../../../../../OneDrive/LittleBird/Reference/LUFA/LUFA-111009/LUFA/Drivers/USB/Class/Common/HIDParser.o
USB_GetNextDescriptorComp                         ../../../../../../../../../../OneDrive/LittleBird/Reference/LUFA/LUFA-111009/LUFA/Drivers/USB/Core/ConfigDescriptor.o
USB_GetNextDescriptorOfType                       ../../../../../../../../../../OneDrive/LittleBird/Reference/LUFA/LUFA-111009/LUFA/Drivers/USB/Core/ConfigDescriptor.o
USB_GetNextDescriptorOfTypeAfter                  ../../../../../../../../../../OneDrive/LittleBird/Reference/LUFA/LUFA-111009/LUFA/Drivers/USB/Core/ConfigDescriptor.o
USB_GetNextDescriptorOfTypeBefore                 ../../../../../../../../../../OneDrive/LittleBird/Reference/LUFA/LUFA-111009/LUFA/Drivers/USB/Core/ConfigDescriptor.o
USB_INT_ClearAllInterrupts                        ../../../../../../../../../../OneDrive/LittleBird/Reference/LUFA/LUFA-111009/LUFA/Drivers/USB/Core/AVR8/USBInterrupt_AVR8.o
                                                  ../../../../../../../../../../OneDrive/LittleBird/Reference/LUFA/LUFA-111009/LUFA/Drivers/USB/Core/AVR8/USBController_AVR8.o
USB_INT_DisableAllInterrupts                      ../../../../../../../../../../OneDrive/LittleBird/Reference/LUFA/LUFA-111009/LUFA/Drivers/USB/Core/AVR8/USBInterrupt_AVR8.o
                                                  ../../../../../../../../../../OneDrive/LittleBird/Reference/LUFA/LUFA-111009/LUFA/Drivers/USB/Core/AVR8/USBController_AVR8.o
USB_Init                                          ../../../../../../../../../../OneDrive/LittleBird/Reference/LUFA/LUFA-111009/LUFA/Drivers/USB/Core/AVR8/USBController_AVR8.o
                                                  Caterina.o
USB_IsInitialized                                 ../../../../../../../../../../OneDrive/LittleBird/Reference/LUFA/LUFA-111009/LUFA/Drivers/USB/Core/USBTask.o
                                                  ../../../../../../../../../../OneDrive/LittleBird/Reference/LUFA/LUFA-111009/LUFA/Drivers/USB/Core/AVR8/USBController_AVR8.o
USB_ProcessHIDReport                              ../../../../../../../../../../OneDrive/LittleBird/Reference/LUFA/LUFA-111009/LUFA/Drivers/USB/Class/Common/HIDParser.o
USB_ResetInterface                                ../../../../../../../../../../OneDrive/LittleBird/Reference/LUFA/LUFA-111009/LUFA/Drivers/USB/Core/AVR8/USBController_AVR8.o
USB_SetHIDReportItemInfo                          ../../../../../../../../../../OneDrive/LittleBird/Reference/LUFA/LUFA-111009/LUFA/Drivers/USB/Class/Common/HIDParser.o
USB_USBTask                                       ../../../../../../../../../../OneDrive/LittleBird/Reference/LUFA/LUFA-111009/LUFA/Drivers/USB/Core/USBTask.o
                                                  ../../../../../../../../../../OneDrive/LittleBird/Reference/LUFA/LUFA-111009/LUFA/Drivers/USB/Core/AVR8/EndpointStream_AVR8.o
                                                  Caterina.o
__bad_interrupt                                   c:/program files (x86)/atmel/avr tools/avr toolchain/bin/../lib/gcc/avr/4.6.2/../../../../avr/lib/avr5/crtm32u4.o
__bss_end                                         c:/program files (x86)/atmel/avr tools/avr toolchain/bin/../lib/gcc/avr/4.6.2/avr5\libgcc.a(_clear_bss.o)
__bss_start                                       c:/program files (x86)/atmel/avr tools/avr toolchain/bin/../lib/gcc/avr/4.6.2/avr5\libgcc.a(_clear_bss.o)
__data_end                                        c:/program files (x86)/atmel/avr tools/avr toolchain/bin/../lib/gcc/avr/4.6.2/avr5\libgcc.a(_copy_data.o)
__data_load_start                                 c:/program files (x86)/atmel/avr tools/avr toolchain/bin/../lib/gcc/avr/4.6.2/avr5\libgcc.a(_copy_data.o)
__data_start                                      c:/program files (x86)/atmel/avr tools/avr toolchain/bin/../lib/gcc/avr/4.6.2/avr5\libgcc.a(_copy_data.o)
__do_clear_bss                                    c:/program files (x86)/atmel/avr tools/avr toolchain/bin/../lib/gcc/avr/4.6.2/avr5\libgcc.a(_clear_bss.o)
                                                  ../../../../../../../../../../OneDrive/LittleBird/Reference/LUFA/LUFA-111009/LUFA/Drivers/USB/Class/Common/HIDParser.o
                                                  ../../../../../../../../../../OneDrive/LittleBird/Reference/LUFA/LUFA-111009/LUFA/Drivers/USB/Core/USBTask.o
                                                  ../../../../../../../../../../OneDrive/LittleBird/Reference/LUFA/LUFA-111009/LUFA/Drivers/USB/Core/HostStandardReq.o
                                                  ../../../../../../../../../../OneDrive/LittleBird/Reference/LUFA/LUFA-111009/LUFA/Drivers/USB/Core/Events.o
                                                  ../../../../../../../../../../OneDrive/LittleBird/Reference/LUFA/LUFA-111009/LUFA/Drivers/USB/Core/DeviceStandardReq.o
                                                  ../../../../../../../../../../OneDrive/LittleBird/Reference/LUFA/LUFA-111009/LUFA/Drivers/USB/Core/ConfigDescriptor.o
                                                  ../../../../../../../../../../OneDrive/LittleBird/Reference/LUFA/LUFA-111009/LUFA/Drivers/USB/Core/AVR8/PipeStream_AVR8.o
                                                  ../../../../../../../../../../OneDrive/LittleBird/Reference/LUFA/LUFA-111009/LUFA/Drivers/USB/Core/AVR8/EndpointStream_AVR8.o
                                                  ../../../../../../../../../../OneDrive/LittleBird/Reference/LUFA/LUFA-111009/LUFA/Drivers/USB/Core/AVR8/USBInterrupt_AVR8.o
                                                  ../../../../../../../../../../OneDrive/LittleBird/Reference/LUFA/LUFA-111009/LUFA/Drivers/USB/Core/AVR8/USBController_AVR8.o
                                                  ../../../../../../../../../../OneDrive/LittleBird/Reference/LUFA/LUFA-111009/LUFA/Drivers/USB/Core/AVR8/Pipe_AVR8.o
                                                  ../../../../../../../../../../OneDrive/LittleBird/Reference/LUFA/LUFA-111009/LUFA/Drivers/USB/Core/AVR8/Host_AVR8.o
                                                  ../../../../../../../../../../OneDrive/LittleBird/Reference/LUFA/LUFA-111009/LUFA/Drivers/USB/Core/AVR8/Endpoint_AVR8.o
                                                  ../../../../../../../../../../OneDrive/LittleBird/Reference/LUFA/LUFA-111009/LUFA/Drivers/USB/Core/AVR8/Device_AVR8.o
                                                  Descriptors.o
                                                  Caterina.o
__do_copy_data                                    c:/program files (x86)/atmel/avr tools/avr toolchain/bin/../lib/gcc/avr/4.6.2/avr5\libgcc.a(_copy_data.o)
                                                  ../../../../../../../../../../OneDrive/LittleBird/Reference/LUFA/LUFA-111009/LUFA/Drivers/USB/Class/Common/HIDParser.o
                                                  ../../../../../../../../../../OneDrive/LittleBird/Reference/LUFA/LUFA-111009/LUFA/Drivers/USB/Core/USBTask.o
                                                  ../../../../../../../../../../OneDrive/LittleBird/Reference/LUFA/LUFA-111009/LUFA/Drivers/USB/Core/HostStandardReq.o
                                                  ../../../../../../../../../../OneDrive/LittleBird/Reference/LUFA/LUFA-111009/LUFA/Drivers/USB/Core/Events.o
                                                  ../../../../../../../../../../OneDrive/LittleBird/Reference/LUFA/LUFA-111009/LUFA/Drivers/USB/Core/DeviceStandardReq.o
                                                  ../../../../../../../../../../OneDrive/LittleBird/Reference/LUFA/LUFA-111009/LUFA/Drivers/USB/Core/ConfigDescriptor.o
                                                  ../../../../../../../../../../OneDrive/LittleBird/Reference/LUFA/LUFA-111009/LUFA/Drivers/USB/Core/AVR8/PipeStream_AVR8.o
                                                  ../../../../../../../../../../OneDrive/LittleBird/Reference/LUFA/LUFA-111009/LUFA/Drivers/USB/Core/AVR8/EndpointStream_AVR8.o
                                                  ../../../../../../../../../../OneDrive/LittleBird/Reference/LUFA/LUFA-111009/LUFA/Drivers/USB/Core/AVR8/USBInterrupt_AVR8.o
                                                  ../../../../../../../../../../OneDrive/LittleBird/Reference/LUFA/LUFA-111009/LUFA/Drivers/USB/Core/AVR8/USBController_AVR8.o
                                                  ../../../../../../../../../../OneDrive/LittleBird/Reference/LUFA/LUFA-111009/LUFA/Drivers/USB/Core/AVR8/Pipe_AVR8.o
                                                  ../../../../../../../../../../OneDrive/LittleBird/Reference/LUFA/LUFA-111009/LUFA/Drivers/USB/Core/AVR8/Host_AVR8.o
                                                  ../../../../../../../../../../OneDrive/LittleBird/Reference/LUFA/LUFA-111009/LUFA/Drivers/USB/Core/AVR8/Endpoint_AVR8.o
                                                  ../../../../../../../../../../OneDrive/LittleBird/Reference/LUFA/LUFA-111009/LUFA/Drivers/USB/Core/AVR8/Device_AVR8.o
                                                  Descriptors.o
                                                  Caterina.o
__eerd_byte_m32u4                                 c:/program files (x86)/atmel/avr tools/avr toolchain/bin/../lib/gcc/avr/4.6.2/../../../../avr/lib/avr5\libc.a(eerd_byte_atmega32u4.o)
                                                  ../../../../../../../../../../OneDrive/LittleBird/Reference/LUFA/LUFA-111009/LUFA/Drivers/USB/Core/AVR8/EndpointStream_AVR8.o
                                                  Caterina.o
__eeupd_byte_m32u4                                c:/program files (x86)/atmel/avr tools/avr toolchain/bin/../lib/gcc/avr/4.6.2/../../../../avr/lib/avr5\libc.a(eeupd_byte_atmega32u4.o)
                                                  ../../../../../../../../../../OneDrive/LittleBird/Reference/LUFA/LUFA-111009/LUFA/Drivers/USB/Core/AVR8/EndpointStream_AVR8.o
__eeupd_r18_m32u4                                 c:/program files (x86)/atmel/avr tools/avr toolchain/bin/../lib/gcc/avr/4.6.2/../../../../avr/lib/avr5\libc.a(eeupd_byte_atmega32u4.o)
__eewr_byte_m32u4                                 c:/program files (x86)/atmel/avr tools/avr toolchain/bin/../lib/gcc/avr/4.6.2/../../../../avr/lib/avr5\libc.a(eewr_byte_atmega32u4.o)
                                                  Caterina.o
__eewr_r18_m32u4                                  c:/program files (x86)/atmel/avr tools/avr toolchain/bin/../lib/gcc/avr/4.6.2/../../../../avr/lib/avr5\libc.a(eewr_byte_atmega32u4.o)
__heap_end                                        c:/program files (x86)/atmel/avr tools/avr toolchain/bin/../lib/gcc/avr/4.6.2/../../../../avr/lib/avr5/crtm32u4.o
__init                                            c:/program files (x86)/atmel/avr tools/avr toolchain/bin/../lib/gcc/avr/4.6.2/../../../../avr/lib/avr5/crtm32u4.o
__stack                                           c:/program files (x86)/atmel/avr tools/avr toolchain/bin/../lib/gcc/avr/4.6.2/../../../../avr/lib/avr5/crtm32u4.o
__vector_1                                        c:/program files (x86)/atmel/avr tools/avr toolchain/bin/../lib/gcc/avr/4.6.2/../../../../avr/lib/avr5/crtm32u4.o
__vector_10                                       ../../../../../../../../../../OneDrive/LittleBird/Reference/LUFA/LUFA-111009/LUFA/Drivers/USB/Core/AVR8/USBInterrupt_AVR8.o
                                                  c:/program files (x86)/atmel/avr tools/avr toolchain/bin/../lib/gcc/avr/4.6.2/../../../../avr/lib/avr5/crtm32u4.o
__vector_11                                       c:/program files (x86)/atmel/avr tools/avr toolchain/bin/../lib/gcc/avr/4.6.2/../../../../avr/lib/avr5/crtm32u4.o
__vector_12                                       c:/program files (x86)/atmel/avr tools/avr toolchain/bin/../lib/gcc/avr/4.6.2/../../../../avr/lib/avr5/crtm32u4.o
__vector_13                                       c:/program files (x86)/atmel/avr tools/avr toolchain/bin/../lib/gcc/avr/4.6.2/../../../../avr/lib/avr5/crtm32u4.o
__vector_14                                       c:/program files (x86)/atmel/avr tools/avr toolchain/bin/../lib/gcc/avr/4.6.2/../../../../avr/lib/avr5/crtm32u4.o
__vector_15                                       c:/program files (x86)/atmel/avr tools/avr toolchain/bin/../lib/gcc/avr/4.6.2/../../../../avr/lib/avr5/crtm32u4.o
__vector_16                                       c:/program files (x86)/atmel/avr tools/avr toolchain/bin/../lib/gcc/avr/4.6.2/../../../../avr/lib/avr5/crtm32u4.o
__vector_17                                       Caterina.o
                                                  c:/program files (x86)/atmel/avr tools/avr toolchain/bin/../lib/gcc/avr/4.6.2/../../../../avr/lib/avr5/crtm32u4.o
__vector_18                                       c:/program files (x86)/atmel/avr tools/avr toolchain/bin/../lib/gcc/avr/4.6.2/../../../../avr/lib/avr5/crtm32u4.o
__vector_19                                       c:/program files (x86)/atmel/avr tools/avr toolchain/bin/../lib/gcc/avr/4.6.2/../../../../avr/lib/avr5/crtm32u4.o
__vector_2                                        c:/program files (x86)/atmel/avr tools/avr toolchain/bin/../lib/gcc/avr/4.6.2/../../../../avr/lib/avr5/crtm32u4.o
__vector_20                                       c:/program files (x86)/atmel/avr tools/avr toolchain/bin/../lib/gcc/avr/4.6.2/../../../../avr/lib/avr5/crtm32u4.o
__vector_21                                       c:/program files (x86)/atmel/avr tools/avr toolchain/bin/../lib/gcc/avr/4.6.2/../../../../avr/lib/avr5/crtm32u4.o
__vector_22                                       c:/program files (x86)/atmel/avr tools/avr toolchain/bin/../lib/gcc/avr/4.6.2/../../../../avr/lib/avr5/crtm32u4.o
__vector_23                                       c:/program files (x86)/atmel/avr tools/avr toolchain/bin/../lib/gcc/avr/4.6.2/../../../../avr/lib/avr5/crtm32u4.o
__vector_24                                       c:/program files (x86)/atmel/avr tools/avr toolchain/bin/../lib/gcc/avr/4.6.2/../../../../avr/lib/avr5/crtm32u4.o
__vector_25                                       c:/program files (x86)/atmel/avr tools/avr toolchain/bin/../lib/gcc/avr/4.6.2/../../../../avr/lib/avr5/crtm32u4.o
__vector_26                                       c:/program files (x86)/atmel/avr tools/avr toolchain/bin/../lib/gcc/avr/4.6.2/../../../../avr/lib/avr5/crtm32u4.o
__vector_27                                       c:/program files (x86)/atmel/avr tools/avr toolchain/bin/../lib/gcc/avr/4.6.2/../../../../avr/lib/avr5/crtm32u4.o
__vector_28                                       c:/program files (x86)/atmel/avr tools/avr toolchain/bin/../lib/gcc/avr/4.6.2/../../../../avr/lib/avr5/crtm32u4.o
__vector_29                                       c:/program files (x86)/atmel/avr tools/avr toolchain/bin/../lib/gcc/avr/4.6.2/../../../../avr/lib/avr5/crtm32u4.o
__vector_3                                        c:/program files (x86)/atmel/avr tools/avr toolchain/bin/../lib/gcc/avr/4.6.2/../../../../avr/lib/avr5/crtm32u4.o
__vector_30                                       c:/program files (x86)/atmel/avr tools/avr toolchain/bin/../lib/gcc/avr/4.6.2/../../../../avr/lib/avr5/crtm32u4.o
__vector_31                                       c:/program files (x86)/atmel/avr tools/avr toolchain/bin/../lib/gcc/avr/4.6.2/../../../../avr/lib/avr5/crtm32u4.o
__vector_32                                       c:/program files (x86)/atmel/avr tools/avr toolchain/bin/../lib/gcc/avr/4.6.2/../../../../avr/lib/avr5/crtm32u4.o
__vector_33                                       c:/program files (x86)/atmel/avr tools/avr toolchain/bin/../lib/gcc/avr/4.6.2/../../../../avr/lib/avr5/crtm32u4.o
__vector_34                                       c:/program files (x86)/atmel/avr tools/avr toolchain/bin/../lib/gcc/avr/4.6.2/../../../../avr/lib/avr5/crtm32u4.o
__vector_35                                       c:/program files (x86)/atmel/avr tools/avr toolchain/bin/../lib/gcc/avr/4.6.2/../../../../avr/lib/avr5/crtm32u4.o
__vector_36                                       c:/program files (x86)/atmel/avr tools/avr toolchain/bin/../lib/gcc/avr/4.6.2/../../../../avr/lib/avr5/crtm32u4.o
__vector_37                                       c:/program files (x86)/atmel/avr tools/avr toolchain/bin/../lib/gcc/avr/4.6.2/../../../../avr/lib/avr5/crtm32u4.o
__vector_38                                       c:/program files (x86)/atmel/avr tools/avr toolchain/bin/../lib/gcc/avr/4.6.2/../../../../avr/lib/avr5/crtm32u4.o
__vector_39                                       c:/program files (x86)/atmel/avr tools/avr toolchain/bin/../lib/gcc/avr/4.6.2/../../../../avr/lib/avr5/crtm32u4.o
__vector_4                                        c:/program files (x86)/atmel/avr tools/avr toolchain/bin/../lib/gcc/avr/4.6.2/../../../../avr/lib/avr5/crtm32u4.o
__vector_40                                       c:/program files (x86)/atmel/avr tools/avr toolchain/bin/../lib/gcc/avr/4.6.2/../../../../avr/lib/avr5/crtm32u4.o
__vector_41                                       c:/program files (x86)/atmel/avr tools/avr toolchain/bin/../lib/gcc/avr/4.6.2/../../../../avr/lib/avr5/crtm32u4.o
__vector_42                                       c:/program files (x86)/atmel/avr tools/avr toolchain/bin/../lib/gcc/avr/4.6.2/../../../../avr/lib/avr5/crtm32u4.o
__vector_5                                        c:/program files (x86)/atmel/avr tools/avr toolchain/bin/../lib/gcc/avr/4.6.2/../../../../avr/lib/avr5/crtm32u4.o
__vector_6                                        c:/program files (x86)/atmel/avr tools/avr toolchain/bin/../lib/gcc/avr/4.6.2/../../../../avr/lib/avr5/crtm32u4.o
__vector_7                                        c:/program files (x86)/atmel/avr tools/avr toolchain/bin/../lib/gcc/avr/4.6.2/../../../../avr/lib/avr5/crtm32u4.o
__vector_8                                        c:/program files (x86)/atmel/avr tools/avr toolchain/bin/../lib/gcc/avr/4.6.2/../../../../avr/lib/avr5/crtm32u4.o
__vector_9                                        c:/program files (x86)/atmel/avr tools/avr toolchain/bin/../lib/gcc/avr/4.6.2/../../../../avr/lib/avr5/crtm32u4.o
__vector_default                                  c:/program files (x86)/atmel/avr tools/avr toolchain/bin/../lib/gcc/avr/4.6.2/../../../../avr/lib/avr5/crtm32u4.o
__vectors                                         c:/program files (x86)/atmel/avr tools/avr toolchain/bin/../lib/gcc/avr/4.6.2/../../../../avr/lib/avr5/crtm32u4.o
_exit                                             c:/program files (x86)/atmel/avr tools/avr toolchain/bin/../lib/gcc/avr/4.6.2/avr5\libgcc.a(_exit.o)
bootKey                                           Caterina.o
bootKeyPtr                                        Caterina.o
exit                                              c:/program files (x86)/atmel/avr tools/avr toolchain/bin/../lib/gcc/avr/4.6.2/avr5\libgcc.a(_exit.o)
                                                  c:/program files (x86)/atmel/avr tools/avr toolchain/bin/../lib/gcc/avr/4.6.2/../../../../avr/lib/avr5/crtm32u4.o
main                                              Caterina.o
                                                  c:/program files (x86)/atmel/avr tools/avr toolchain/bin/../lib/gcc/avr/4.6.2/../../../../avr/lib/avr5/crtm32u4.o
resetTimeout                                      Caterina.o
